Archive member included to satisfy reference by file (symbol)

../../lib\libstm_spl.a(misc.o)
                              main.o (NVIC_Init)
../../lib\libstm_spl.a(stm32f4xx_exti.o)
                              main.o (EXTI_Init)
../../lib\libstm_spl.a(stm32f4xx_rcc.o)
                              main.o (RCC_AHB1PeriphClockCmd)
../../lib\libstm_spl.a(stm32f4xx_syscfg.o)
                              main.o (SYSCFG_EXTILineConfig)
../../lib\libstm_spl.a(stm32f4xx_tim.o)
                              main.o (TIM_TimeBaseInit)
../../lib\libstm_spl.a(stm32f4xx_gpio.o)
                              main.o (GPIO_Init)

Discarded input sections

 .text          0x00000000        0x0 ../common/stm32f4xx_it.o
 .data          0x00000000        0x0 ../common/stm32f4xx_it.o
 .bss           0x00000000        0x0 ../common/stm32f4xx_it.o
 .text          0x00000000        0x0 ../common/system_stm32f4xx.o
 .data          0x00000000        0x0 ../common/system_stm32f4xx.o
 .bss           0x00000000        0x0 ../common/system_stm32f4xx.o
 .data.SystemCoreClock
                0x00000000        0x4 ../common/system_stm32f4xx.o
 .data.AHBPrescTable
                0x00000000       0x10 ../common/system_stm32f4xx.o
 .text.SystemCoreClockUpdate
                0x00000000       0xf8 ../common/system_stm32f4xx.o
 .text          0x00000000        0x0 main.o
 .data          0x00000000        0x0 main.o
 .bss           0x00000000        0x0 main.o
 .text          0x00000000       0x14 ../../stm_spl/startup_stm32f40_41xxx.o
 .data          0x00000000        0x0 ../../stm_spl/startup_stm32f40_41xxx.o
 .bss           0x00000000        0x0 ../../stm_spl/startup_stm32f40_41xxx.o
 .text          0x00000000        0x0 ../../lib\libstm_spl.a(misc.o)
 .data          0x00000000        0x0 ../../lib\libstm_spl.a(misc.o)
 .bss           0x00000000        0x0 ../../lib\libstm_spl.a(misc.o)
 .text.NVIC_PriorityGroupConfig
                0x00000000       0x28 ../../lib\libstm_spl.a(misc.o)
 .text.NVIC_SetVectorTable
                0x00000000       0x2c ../../lib\libstm_spl.a(misc.o)
 .text.NVIC_SystemLPConfig
                0x00000000       0x44 ../../lib\libstm_spl.a(misc.o)
 .text.SysTick_CLKSourceConfig
                0x00000000       0x38 ../../lib\libstm_spl.a(misc.o)
 .text          0x00000000        0x0 ../../lib\libstm_spl.a(stm32f4xx_exti.o)
 .data          0x00000000        0x0 ../../lib\libstm_spl.a(stm32f4xx_exti.o)
 .bss           0x00000000        0x0 ../../lib\libstm_spl.a(stm32f4xx_exti.o)
 .text.EXTI_DeInit
                0x00000000       0x34 ../../lib\libstm_spl.a(stm32f4xx_exti.o)
 .text.EXTI_StructInit
                0x00000000       0x2c ../../lib\libstm_spl.a(stm32f4xx_exti.o)
 .text.EXTI_GenerateSWInterrupt
                0x00000000       0x24 ../../lib\libstm_spl.a(stm32f4xx_exti.o)
 .text.EXTI_GetFlagStatus
                0x00000000       0x34 ../../lib\libstm_spl.a(stm32f4xx_exti.o)
 .text.EXTI_ClearFlag
                0x00000000       0x20 ../../lib\libstm_spl.a(stm32f4xx_exti.o)
 .text          0x00000000        0x0 ../../lib\libstm_spl.a(stm32f4xx_rcc.o)
 .data          0x00000000        0x0 ../../lib\libstm_spl.a(stm32f4xx_rcc.o)
 .bss           0x00000000        0x0 ../../lib\libstm_spl.a(stm32f4xx_rcc.o)
 .data.APBAHBPrescTable
                0x00000000       0x10 ../../lib\libstm_spl.a(stm32f4xx_rcc.o)
 .text.RCC_DeInit
                0x00000000       0x70 ../../lib\libstm_spl.a(stm32f4xx_rcc.o)
 .text.RCC_HSEConfig
                0x00000000       0x28 ../../lib\libstm_spl.a(stm32f4xx_rcc.o)
 .text.RCC_WaitForHSEStartUp
                0x00000000       0x50 ../../lib\libstm_spl.a(stm32f4xx_rcc.o)
 .text.RCC_AdjustHSICalibrationValue
                0x00000000       0x3c ../../lib\libstm_spl.a(stm32f4xx_rcc.o)
 .text.RCC_HSICmd
                0x00000000       0x20 ../../lib\libstm_spl.a(stm32f4xx_rcc.o)
 .text.RCC_LSEConfig
                0x00000000       0x44 ../../lib\libstm_spl.a(stm32f4xx_rcc.o)
 .text.RCC_LSICmd
                0x00000000       0x20 ../../lib\libstm_spl.a(stm32f4xx_rcc.o)
 .text.RCC_PLLConfig
                0x00000000       0x40 ../../lib\libstm_spl.a(stm32f4xx_rcc.o)
 .text.RCC_PLLCmd
                0x00000000       0x20 ../../lib\libstm_spl.a(stm32f4xx_rcc.o)
 .text.RCC_PLLI2SConfig
                0x00000000       0x2c ../../lib\libstm_spl.a(stm32f4xx_rcc.o)
 .text.RCC_PLLI2SCmd
                0x00000000       0x20 ../../lib\libstm_spl.a(stm32f4xx_rcc.o)
 .text.RCC_PLLSAIConfig
                0x00000000       0x34 ../../lib\libstm_spl.a(stm32f4xx_rcc.o)
 .text.RCC_PLLSAICmd
                0x00000000       0x20 ../../lib\libstm_spl.a(stm32f4xx_rcc.o)
 .text.RCC_ClockSecuritySystemCmd
                0x00000000       0x20 ../../lib\libstm_spl.a(stm32f4xx_rcc.o)
 .text.RCC_MCO1Config
                0x00000000       0x40 ../../lib\libstm_spl.a(stm32f4xx_rcc.o)
 .text.RCC_MCO2Config
                0x00000000       0x40 ../../lib\libstm_spl.a(stm32f4xx_rcc.o)
 .text.RCC_SYSCLKConfig
                0x00000000       0x38 ../../lib\libstm_spl.a(stm32f4xx_rcc.o)
 .text.RCC_GetSYSCLKSource
                0x00000000       0x20 ../../lib\libstm_spl.a(stm32f4xx_rcc.o)
 .text.RCC_HCLKConfig
                0x00000000       0x38 ../../lib\libstm_spl.a(stm32f4xx_rcc.o)
 .text.RCC_PCLK1Config
                0x00000000       0x38 ../../lib\libstm_spl.a(stm32f4xx_rcc.o)
 .text.RCC_PCLK2Config
                0x00000000       0x3c ../../lib\libstm_spl.a(stm32f4xx_rcc.o)
 .text.RCC_GetClocksFreq
                0x00000000      0x150 ../../lib\libstm_spl.a(stm32f4xx_rcc.o)
 .text.RCC_RTCCLKConfig
                0x00000000       0x5c ../../lib\libstm_spl.a(stm32f4xx_rcc.o)
 .text.RCC_RTCCLKCmd
                0x00000000       0x20 ../../lib\libstm_spl.a(stm32f4xx_rcc.o)
 .text.RCC_BackupResetCmd
                0x00000000       0x20 ../../lib\libstm_spl.a(stm32f4xx_rcc.o)
 .text.RCC_I2SCLKConfig
                0x00000000       0x20 ../../lib\libstm_spl.a(stm32f4xx_rcc.o)
 .text.RCC_SAIPLLI2SClkDivConfig
                0x00000000       0x40 ../../lib\libstm_spl.a(stm32f4xx_rcc.o)
 .text.RCC_SAIPLLSAIClkDivConfig
                0x00000000       0x40 ../../lib\libstm_spl.a(stm32f4xx_rcc.o)
 .text.RCC_SAIBlockACLKConfig
                0x00000000       0x3c ../../lib\libstm_spl.a(stm32f4xx_rcc.o)
 .text.RCC_SAIBlockBCLKConfig
                0x00000000       0x3c ../../lib\libstm_spl.a(stm32f4xx_rcc.o)
 .text.RCC_LTDCCLKDivConfig
                0x00000000       0x3c ../../lib\libstm_spl.a(stm32f4xx_rcc.o)
 .text.RCC_TIMCLKPresConfig
                0x00000000       0x20 ../../lib\libstm_spl.a(stm32f4xx_rcc.o)
 .text.RCC_AHB2PeriphClockCmd
                0x00000000       0x40 ../../lib\libstm_spl.a(stm32f4xx_rcc.o)
 .text.RCC_AHB3PeriphClockCmd
                0x00000000       0x40 ../../lib\libstm_spl.a(stm32f4xx_rcc.o)
 .text.RCC_APB2PeriphClockCmd
                0x00000000       0x40 ../../lib\libstm_spl.a(stm32f4xx_rcc.o)
 .text.RCC_AHB1PeriphResetCmd
                0x00000000       0x40 ../../lib\libstm_spl.a(stm32f4xx_rcc.o)
 .text.RCC_AHB2PeriphResetCmd
                0x00000000       0x40 ../../lib\libstm_spl.a(stm32f4xx_rcc.o)
 .text.RCC_AHB3PeriphResetCmd
                0x00000000       0x40 ../../lib\libstm_spl.a(stm32f4xx_rcc.o)
 .text.RCC_APB1PeriphResetCmd
                0x00000000       0x40 ../../lib\libstm_spl.a(stm32f4xx_rcc.o)
 .text.RCC_APB2PeriphResetCmd
                0x00000000       0x40 ../../lib\libstm_spl.a(stm32f4xx_rcc.o)
 .text.RCC_AHB1PeriphClockLPModeCmd
                0x00000000       0x40 ../../lib\libstm_spl.a(stm32f4xx_rcc.o)
 .text.RCC_AHB2PeriphClockLPModeCmd
                0x00000000       0x40 ../../lib\libstm_spl.a(stm32f4xx_rcc.o)
 .text.RCC_AHB3PeriphClockLPModeCmd
                0x00000000       0x40 ../../lib\libstm_spl.a(stm32f4xx_rcc.o)
 .text.RCC_APB1PeriphClockLPModeCmd
                0x00000000       0x40 ../../lib\libstm_spl.a(stm32f4xx_rcc.o)
 .text.RCC_APB2PeriphClockLPModeCmd
                0x00000000       0x40 ../../lib\libstm_spl.a(stm32f4xx_rcc.o)
 .text.RCC_ITConfig
                0x00000000       0x4c ../../lib\libstm_spl.a(stm32f4xx_rcc.o)
 .text.RCC_GetFlagStatus
                0x00000000       0x74 ../../lib\libstm_spl.a(stm32f4xx_rcc.o)
 .text.RCC_ClearFlag
                0x00000000       0x20 ../../lib\libstm_spl.a(stm32f4xx_rcc.o)
 .text.RCC_GetITStatus
                0x00000000       0x38 ../../lib\libstm_spl.a(stm32f4xx_rcc.o)
 .text.RCC_ClearITPendingBit
                0x00000000       0x20 ../../lib\libstm_spl.a(stm32f4xx_rcc.o)
 .text          0x00000000        0x0 ../../lib\libstm_spl.a(stm32f4xx_syscfg.o)
 .data          0x00000000        0x0 ../../lib\libstm_spl.a(stm32f4xx_syscfg.o)
 .bss           0x00000000        0x0 ../../lib\libstm_spl.a(stm32f4xx_syscfg.o)
 .text.SYSCFG_DeInit
                0x00000000       0x1c ../../lib\libstm_spl.a(stm32f4xx_syscfg.o)
 .text.SYSCFG_MemoryRemapConfig
                0x00000000       0x20 ../../lib\libstm_spl.a(stm32f4xx_syscfg.o)
 .text.SYSCFG_MemorySwappingBank
                0x00000000       0x20 ../../lib\libstm_spl.a(stm32f4xx_syscfg.o)
 .text.SYSCFG_ETH_MediaInterfaceConfig
                0x00000000       0x20 ../../lib\libstm_spl.a(stm32f4xx_syscfg.o)
 .text.SYSCFG_CompensationCellCmd
                0x00000000       0x20 ../../lib\libstm_spl.a(stm32f4xx_syscfg.o)
 .text.SYSCFG_GetCompensationCellStatus
                0x00000000       0x34 ../../lib\libstm_spl.a(stm32f4xx_syscfg.o)
 .text          0x00000000        0x0 ../../lib\libstm_spl.a(stm32f4xx_tim.o)
 .data          0x00000000        0x0 ../../lib\libstm_spl.a(stm32f4xx_tim.o)
 .bss           0x00000000        0x0 ../../lib\libstm_spl.a(stm32f4xx_tim.o)
 .text.TIM_DeInit
                0x00000000      0x1c0 ../../lib\libstm_spl.a(stm32f4xx_tim.o)
 .text.TIM_PrescalerConfig
                0x00000000       0x28 ../../lib\libstm_spl.a(stm32f4xx_tim.o)
 .text.TIM_CounterModeConfig
                0x00000000       0x38 ../../lib\libstm_spl.a(stm32f4xx_tim.o)
 .text.TIM_SetCounter
                0x00000000       0x1c ../../lib\libstm_spl.a(stm32f4xx_tim.o)
 .text.TIM_SetAutoreload
                0x00000000       0x1c ../../lib\libstm_spl.a(stm32f4xx_tim.o)
 .text.TIM_GetCounter
                0x00000000       0x18 ../../lib\libstm_spl.a(stm32f4xx_tim.o)
 .text.TIM_GetPrescaler
                0x00000000       0x1a ../../lib\libstm_spl.a(stm32f4xx_tim.o)
 .text.TIM_UpdateDisableConfig
                0x00000000       0x40 ../../lib\libstm_spl.a(stm32f4xx_tim.o)
 .text.TIM_UpdateRequestConfig
                0x00000000       0x40 ../../lib\libstm_spl.a(stm32f4xx_tim.o)
 .text.TIM_ARRPreloadConfig
                0x00000000       0x40 ../../lib\libstm_spl.a(stm32f4xx_tim.o)
 .text.TIM_SelectOnePulseMode
                0x00000000       0x38 ../../lib\libstm_spl.a(stm32f4xx_tim.o)
 .text.TIM_SetClockDivision
                0x00000000       0x38 ../../lib\libstm_spl.a(stm32f4xx_tim.o)
 .text.TIM_OC1Init
                0x00000000       0xf4 ../../lib\libstm_spl.a(stm32f4xx_tim.o)
 .text.TIM_OC2Init
                0x00000000      0x110 ../../lib\libstm_spl.a(stm32f4xx_tim.o)
 .text.TIM_OC3Init
                0x00000000      0x10c ../../lib\libstm_spl.a(stm32f4xx_tim.o)
 .text.TIM_OC4Init
                0x00000000       0xd0 ../../lib\libstm_spl.a(stm32f4xx_tim.o)
 .text.TIM_OCStructInit
                0x00000000       0x44 ../../lib\libstm_spl.a(stm32f4xx_tim.o)
 .text.TIM_SelectOCxM
                0x00000000       0xb2 ../../lib\libstm_spl.a(stm32f4xx_tim.o)
 .text.TIM_SetCompare1
                0x00000000       0x1c ../../lib\libstm_spl.a(stm32f4xx_tim.o)
 .text.TIM_SetCompare2
                0x00000000       0x1c ../../lib\libstm_spl.a(stm32f4xx_tim.o)
 .text.TIM_SetCompare3
                0x00000000       0x1c ../../lib\libstm_spl.a(stm32f4xx_tim.o)
 .text.TIM_SetCompare4
                0x00000000       0x1c ../../lib\libstm_spl.a(stm32f4xx_tim.o)
 .text.TIM_ForcedOC1Config
                0x00000000       0x38 ../../lib\libstm_spl.a(stm32f4xx_tim.o)
 .text.TIM_ForcedOC2Config
                0x00000000       0x3c ../../lib\libstm_spl.a(stm32f4xx_tim.o)
 .text.TIM_ForcedOC3Config
                0x00000000       0x38 ../../lib\libstm_spl.a(stm32f4xx_tim.o)
 .text.TIM_ForcedOC4Config
                0x00000000       0x3c ../../lib\libstm_spl.a(stm32f4xx_tim.o)
 .text.TIM_OC1PreloadConfig
                0x00000000       0x38 ../../lib\libstm_spl.a(stm32f4xx_tim.o)
 .text.TIM_OC2PreloadConfig
                0x00000000       0x3c ../../lib\libstm_spl.a(stm32f4xx_tim.o)
 .text.TIM_OC3PreloadConfig
                0x00000000       0x38 ../../lib\libstm_spl.a(stm32f4xx_tim.o)
 .text.TIM_OC4PreloadConfig
                0x00000000       0x3c ../../lib\libstm_spl.a(stm32f4xx_tim.o)
 .text.TIM_OC1FastConfig
                0x00000000       0x38 ../../lib\libstm_spl.a(stm32f4xx_tim.o)
 .text.TIM_OC2FastConfig
                0x00000000       0x3c ../../lib\libstm_spl.a(stm32f4xx_tim.o)
 .text.TIM_OC3FastConfig
                0x00000000       0x38 ../../lib\libstm_spl.a(stm32f4xx_tim.o)
 .text.TIM_OC4FastConfig
                0x00000000       0x3c ../../lib\libstm_spl.a(stm32f4xx_tim.o)
 .text.TIM_ClearOC1Ref
                0x00000000       0x38 ../../lib\libstm_spl.a(stm32f4xx_tim.o)
 .text.TIM_ClearOC2Ref
                0x00000000       0x3c ../../lib\libstm_spl.a(stm32f4xx_tim.o)
 .text.TIM_ClearOC3Ref
                0x00000000       0x38 ../../lib\libstm_spl.a(stm32f4xx_tim.o)
 .text.TIM_ClearOC4Ref
                0x00000000       0x3c ../../lib\libstm_spl.a(stm32f4xx_tim.o)
 .text.TIM_OC1PolarityConfig
                0x00000000       0x38 ../../lib\libstm_spl.a(stm32f4xx_tim.o)
 .text.TIM_OC1NPolarityConfig
                0x00000000       0x38 ../../lib\libstm_spl.a(stm32f4xx_tim.o)
 .text.TIM_OC2PolarityConfig
                0x00000000       0x3c ../../lib\libstm_spl.a(stm32f4xx_tim.o)
 .text.TIM_OC2NPolarityConfig
                0x00000000       0x3c ../../lib\libstm_spl.a(stm32f4xx_tim.o)
 .text.TIM_OC3PolarityConfig
                0x00000000       0x3c ../../lib\libstm_spl.a(stm32f4xx_tim.o)
 .text.TIM_OC3NPolarityConfig
                0x00000000       0x3c ../../lib\libstm_spl.a(stm32f4xx_tim.o)
 .text.TIM_OC4PolarityConfig
                0x00000000       0x3c ../../lib\libstm_spl.a(stm32f4xx_tim.o)
 .text.TIM_CCxCmd
                0x00000000       0x56 ../../lib\libstm_spl.a(stm32f4xx_tim.o)
 .text.TIM_CCxNCmd
                0x00000000       0x56 ../../lib\libstm_spl.a(stm32f4xx_tim.o)
 .text.TIM_ICInit
                0x00000000       0xa8 ../../lib\libstm_spl.a(stm32f4xx_tim.o)
 .text.TIM_ICStructInit
                0x00000000       0x32 ../../lib\libstm_spl.a(stm32f4xx_tim.o)
 .text.TIM_PWMIConfig
                0x00000000       0xb8 ../../lib\libstm_spl.a(stm32f4xx_tim.o)
 .text.TIM_GetCapture1
                0x00000000       0x18 ../../lib\libstm_spl.a(stm32f4xx_tim.o)
 .text.TIM_GetCapture2
                0x00000000       0x18 ../../lib\libstm_spl.a(stm32f4xx_tim.o)
 .text.TIM_GetCapture3
                0x00000000       0x18 ../../lib\libstm_spl.a(stm32f4xx_tim.o)
 .text.TIM_GetCapture4
                0x00000000       0x18 ../../lib\libstm_spl.a(stm32f4xx_tim.o)
 .text.TIM_SetIC1Prescaler
                0x00000000       0x38 ../../lib\libstm_spl.a(stm32f4xx_tim.o)
 .text.TIM_SetIC2Prescaler
                0x00000000       0x3c ../../lib\libstm_spl.a(stm32f4xx_tim.o)
 .text.TIM_SetIC3Prescaler
                0x00000000       0x38 ../../lib\libstm_spl.a(stm32f4xx_tim.o)
 .text.TIM_SetIC4Prescaler
                0x00000000       0x3c ../../lib\libstm_spl.a(stm32f4xx_tim.o)
 .text.TIM_BDTRConfig
                0x00000000       0x50 ../../lib\libstm_spl.a(stm32f4xx_tim.o)
 .text.TIM_BDTRStructInit
                0x00000000       0x3e ../../lib\libstm_spl.a(stm32f4xx_tim.o)
 .text.TIM_CtrlPWMOutputs
                0x00000000       0x4c ../../lib\libstm_spl.a(stm32f4xx_tim.o)
 .text.TIM_SelectCOM
                0x00000000       0x40 ../../lib\libstm_spl.a(stm32f4xx_tim.o)
 .text.TIM_CCPreloadControl
                0x00000000       0x40 ../../lib\libstm_spl.a(stm32f4xx_tim.o)
 .text.TIM_GenerateEvent
                0x00000000       0x1e ../../lib\libstm_spl.a(stm32f4xx_tim.o)
 .text.TIM_GetFlagStatus
                0x00000000       0x38 ../../lib\libstm_spl.a(stm32f4xx_tim.o)
 .text.TIM_ClearFlag
                0x00000000       0x22 ../../lib\libstm_spl.a(stm32f4xx_tim.o)
 .text.TIM_DMAConfig
                0x00000000       0x2a ../../lib\libstm_spl.a(stm32f4xx_tim.o)
 .text.TIM_DMACmd
                0x00000000       0x48 ../../lib\libstm_spl.a(stm32f4xx_tim.o)
 .text.TIM_SelectCCDMA
                0x00000000       0x40 ../../lib\libstm_spl.a(stm32f4xx_tim.o)
 .text.TIM_InternalClockConfig
                0x00000000       0x24 ../../lib\libstm_spl.a(stm32f4xx_tim.o)
 .text.TIM_ITRxExternalClockConfig
                0x00000000       0x2e ../../lib\libstm_spl.a(stm32f4xx_tim.o)
 .text.TIM_TIxExternalClockConfig
                0x00000000       0x5c ../../lib\libstm_spl.a(stm32f4xx_tim.o)
 .text.TIM_ETRClockMode1Config
                0x00000000       0x5e ../../lib\libstm_spl.a(stm32f4xx_tim.o)
 .text.TIM_ETRClockMode2Config
                0x00000000       0x3e ../../lib\libstm_spl.a(stm32f4xx_tim.o)
 .text.TIM_SelectInputTrigger
                0x00000000       0x38 ../../lib\libstm_spl.a(stm32f4xx_tim.o)
 .text.TIM_SelectOutputTrigger
                0x00000000       0x38 ../../lib\libstm_spl.a(stm32f4xx_tim.o)
 .text.TIM_SelectSlaveMode
                0x00000000       0x38 ../../lib\libstm_spl.a(stm32f4xx_tim.o)
 .text.TIM_SelectMasterSlaveMode
                0x00000000       0x38 ../../lib\libstm_spl.a(stm32f4xx_tim.o)
 .text.TIM_ETRConfig
                0x00000000       0x54 ../../lib\libstm_spl.a(stm32f4xx_tim.o)
 .text.TIM_EncoderInterfaceConfig
                0x00000000       0x98 ../../lib\libstm_spl.a(stm32f4xx_tim.o)
 .text.TIM_SelectHallSensor
                0x00000000       0x40 ../../lib\libstm_spl.a(stm32f4xx_tim.o)
 .text.TIM_RemapConfig
                0x00000000       0x20 ../../lib\libstm_spl.a(stm32f4xx_tim.o)
 .text.TI1_Config
                0x00000000       0x86 ../../lib\libstm_spl.a(stm32f4xx_tim.o)
 .text.TI2_Config
                0x00000000       0x9a ../../lib\libstm_spl.a(stm32f4xx_tim.o)
 .text.TI3_Config
                0x00000000       0x90 ../../lib\libstm_spl.a(stm32f4xx_tim.o)
 .text.TI4_Config
                0x00000000       0x9e ../../lib\libstm_spl.a(stm32f4xx_tim.o)
 .text          0x00000000        0x0 ../../lib\libstm_spl.a(stm32f4xx_gpio.o)
 .data          0x00000000        0x0 ../../lib\libstm_spl.a(stm32f4xx_gpio.o)
 .bss           0x00000000        0x0 ../../lib\libstm_spl.a(stm32f4xx_gpio.o)
 .text.GPIO_DeInit
                0x00000000      0x164 ../../lib\libstm_spl.a(stm32f4xx_gpio.o)
 .text.GPIO_StructInit
                0x00000000       0x34 ../../lib\libstm_spl.a(stm32f4xx_gpio.o)
 .text.GPIO_PinLockConfig
                0x00000000       0x44 ../../lib\libstm_spl.a(stm32f4xx_gpio.o)
 .text.GPIO_ReadInputDataBit
                0x00000000       0x34 ../../lib\libstm_spl.a(stm32f4xx_gpio.o)
 .text.GPIO_ReadInputData
                0x00000000       0x1a ../../lib\libstm_spl.a(stm32f4xx_gpio.o)
 .text.GPIO_ReadOutputDataBit
                0x00000000       0x34 ../../lib\libstm_spl.a(stm32f4xx_gpio.o)
 .text.GPIO_ReadOutputData
                0x00000000       0x1a ../../lib\libstm_spl.a(stm32f4xx_gpio.o)
 .text.GPIO_SetBits
                0x00000000       0x1e ../../lib\libstm_spl.a(stm32f4xx_gpio.o)
 .text.GPIO_ResetBits
                0x00000000       0x1e ../../lib\libstm_spl.a(stm32f4xx_gpio.o)
 .text.GPIO_WriteBit
                0x00000000       0x30 ../../lib\libstm_spl.a(stm32f4xx_gpio.o)
 .text.GPIO_Write
                0x00000000       0x1e ../../lib\libstm_spl.a(stm32f4xx_gpio.o)
 .text.GPIO_ToggleBits
                0x00000000       0x24 ../../lib\libstm_spl.a(stm32f4xx_gpio.o)
 .text.GPIO_PinAFConfig
                0x00000000       0x92 ../../lib\libstm_spl.a(stm32f4xx_gpio.o)

Memory Configuration

Name             Origin             Length             Attributes
RAM              0x20000000         0x00020000         xrw
CCMRAM           0x10000000         0x00010000         xrw
FLASH            0x08000000         0x00100000         xr
FLASHB1          0x00000000         0x00000000         xr
EXTMEMB0         0x00000000         0x00000000         xr
EXTMEMB1         0x00000000         0x00000000         xr
EXTMEMB2         0x00000000         0x00000000         xr
EXTMEMB3         0x00000000         0x00000000         xr
MEMORY_ARRAY     0x20002000         0x00000020         xrw
*default*        0x00000000         0xffffffff

Linker script and memory map

LOAD ../common/stm32f4xx_it.o
LOAD ../common/system_stm32f4xx.o
LOAD main.o
LOAD ../../stm_spl/startup_stm32f40_41xxx.o
LOAD ../../lib\libstm_spl.a
START GROUP
LOAD c:/program files (x86)/gnu tools arm embedded/5.4 2016q3/bin/../lib/gcc/arm-none-eabi/5.4.1/../../../../arm-none-eabi/lib/armv7e-m/fpu\libc.a
LOAD c:/program files (x86)/gnu tools arm embedded/5.4 2016q3/bin/../lib/gcc/arm-none-eabi/5.4.1/armv7e-m/fpu\libgcc.a
LOAD c:/program files (x86)/gnu tools arm embedded/5.4 2016q3/bin/../lib/gcc/arm-none-eabi/5.4.1/../../../../arm-none-eabi/lib/armv7e-m/fpu\libnosys.a
END GROUP
START GROUP
LOAD c:/program files (x86)/gnu tools arm embedded/5.4 2016q3/bin/../lib/gcc/arm-none-eabi/5.4.1/armv7e-m/fpu\libgcc.a
LOAD c:/program files (x86)/gnu tools arm embedded/5.4 2016q3/bin/../lib/gcc/arm-none-eabi/5.4.1/../../../../arm-none-eabi/lib/armv7e-m/fpu\libc.a
END GROUP
                0x00004000                __Stack_Size = 0x4000
                [!provide]                PROVIDE (_Stack_Size, __Stack_Size)
                0x2001c000                __Stack_Init = (_estack - __Stack_Size)
                [!provide]                PROVIDE (_Stack_Init, __Stack_Init)
                0x00004000                _Minimum_Stack_Size = 0x4000
                0x20020000                _estack = 0x20020000

.isr_vector     0x08000000      0x188
                0x08000000                . = ALIGN (0x4)
 *(.isr_vector)
 .isr_vector    0x08000000      0x188 ../../stm_spl/startup_stm32f40_41xxx.o
                0x08000000                g_pfnVectors
                0x08000188                . = ALIGN (0x4)

.flashtext      0x08000188        0x0
                0x08000188                . = ALIGN (0x4)
 *(.flashtext)
                0x08000188                . = ALIGN (0x4)

.text           0x08000188      0xb50
                0x08000188                . = ALIGN (0x4)
 *(.text)
 *(.text.*)
 .text.NMI_Handler
                0x08000188        0xe ../common/stm32f4xx_it.o
                0x08000188                NMI_Handler
 .text.HardFault_Handler
                0x08000196        0x6 ../common/stm32f4xx_it.o
                0x08000196                HardFault_Handler
 .text.MemManage_Handler
                0x0800019c        0x6 ../common/stm32f4xx_it.o
                0x0800019c                MemManage_Handler
 .text.BusFault_Handler
                0x080001a2        0x6 ../common/stm32f4xx_it.o
                0x080001a2                BusFault_Handler
 .text.UsageFault_Handler
                0x080001a8        0x6 ../common/stm32f4xx_it.o
                0x080001a8                UsageFault_Handler
 .text.SVC_Handler
                0x080001ae        0xe ../common/stm32f4xx_it.o
                0x080001ae                SVC_Handler
 .text.DebugMon_Handler
                0x080001bc        0xe ../common/stm32f4xx_it.o
                0x080001bc                DebugMon_Handler
 .text.PendSV_Handler
                0x080001ca        0xe ../common/stm32f4xx_it.o
                0x080001ca                PendSV_Handler
 .text.SysTick_Handler
                0x080001d8        0xe ../common/stm32f4xx_it.o
                0x080001d8                SysTick_Handler
 *fill*         0x080001e6        0x2 
 .text.SystemInit
                0x080001e8       0x6c ../common/system_stm32f4xx.o
                0x080001e8                SystemInit
 .text.SetSysClock
                0x08000254       0xf8 ../common/system_stm32f4xx.o
 .text.NVIC_EnableIRQ
                0x0800034c       0x34 main.o
 .text.it_init  0x08000380       0x48 main.o
                0x08000380                it_init
 .text.EXTI0_IRQHandler
                0x080003c8       0x20 main.o
                0x080003c8                EXTI0_IRQHandler
 .text.blink_next
                0x080003e8       0x98 main.o
                0x080003e8                blink_next
 .text.blink_prev
                0x08000480       0x98 main.o
                0x08000480                blink_prev
 .text.button_handler
                0x08000518       0x44 main.o
                0x08000518                button_handler
 .text.TIM6_DAC_IRQHandler
                0x0800055c       0x54 main.o
                0x0800055c                TIM6_DAC_IRQHandler
 .text.init_timer
                0x080005b0       0x50 main.o
                0x080005b0                init_timer
 .text.main     0x08000600       0x68 main.o
                0x08000600                main
 .text.Reset_Handler
                0x08000668       0x44 ../../stm_spl/startup_stm32f40_41xxx.o
                0x08000668                Reset_Handler
 .text.Default_Handler
                0x080006ac        0x2 ../../stm_spl/startup_stm32f40_41xxx.o
                0x080006ac                RTC_Alarm_IRQHandler
                0x080006ac                HASH_RNG_IRQHandler
                0x080006ac                EXTI2_IRQHandler
                0x080006ac                TIM8_CC_IRQHandler
                0x080006ac                TIM1_CC_IRQHandler
                0x080006ac                DMA2_Stream5_IRQHandler
                0x080006ac                DMA1_Stream5_IRQHandler
                0x080006ac                PVD_IRQHandler
                0x080006ac                SDIO_IRQHandler
                0x080006ac                TAMP_STAMP_IRQHandler
                0x080006ac                CAN2_RX1_IRQHandler
                0x080006ac                EXTI3_IRQHandler
                0x080006ac                TIM8_TRG_COM_TIM14_IRQHandler
                0x080006ac                TIM1_UP_TIM10_IRQHandler
                0x080006ac                TIM8_UP_TIM13_IRQHandler
                0x080006ac                I2C3_ER_IRQHandler
                0x080006ac                I2C2_EV_IRQHandler
                0x080006ac                DMA1_Stream2_IRQHandler
                0x080006ac                CAN1_RX0_IRQHandler
                0x080006ac                FPU_IRQHandler
                0x080006ac                OTG_HS_WKUP_IRQHandler
                0x080006ac                CAN2_SCE_IRQHandler
                0x080006ac                DMA2_Stream2_IRQHandler
                0x080006ac                SPI1_IRQHandler
                0x080006ac                TIM1_BRK_TIM9_IRQHandler
                0x080006ac                DCMI_IRQHandler
                0x080006ac                CAN2_RX0_IRQHandler
                0x080006ac                DMA2_Stream3_IRQHandler
                0x080006ac                USART6_IRQHandler
                0x080006ac                USART3_IRQHandler
                0x080006ac                CRYP_IRQHandler
                0x080006ac                CAN1_RX1_IRQHandler
                0x080006ac                UART5_IRQHandler
                0x080006ac                DMA2_Stream0_IRQHandler
                0x080006ac                TIM4_IRQHandler
                0x080006ac                I2C1_EV_IRQHandler
                0x080006ac                DMA1_Stream6_IRQHandler
                0x080006ac                DMA1_Stream1_IRQHandler
                0x080006ac                UART4_IRQHandler
                0x080006ac                TIM3_IRQHandler
                0x080006ac                RCC_IRQHandler
                0x080006ac                TIM8_BRK_TIM12_IRQHandler
                0x080006ac                Default_Handler
                0x080006ac                EXTI15_10_IRQHandler
                0x080006ac                ADC_IRQHandler
                0x080006ac                DMA1_Stream7_IRQHandler
                0x080006ac                TIM7_IRQHandler
                0x080006ac                CAN2_TX_IRQHandler
                0x080006ac                TIM5_IRQHandler
                0x080006ac                DMA2_Stream7_IRQHandler
                0x080006ac                I2C3_EV_IRQHandler
                0x080006ac                EXTI9_5_IRQHandler
                0x080006ac                RTC_WKUP_IRQHandler
                0x080006ac                ETH_WKUP_IRQHandler
                0x080006ac                SPI2_IRQHandler
                0x080006ac                OTG_HS_EP1_IN_IRQHandler
                0x080006ac                DMA1_Stream0_IRQHandler
                0x080006ac                CAN1_TX_IRQHandler
                0x080006ac                EXTI4_IRQHandler
                0x080006ac                FSMC_IRQHandler
                0x080006ac                ETH_IRQHandler
                0x080006ac                OTG_HS_EP1_OUT_IRQHandler
                0x080006ac                WWDG_IRQHandler
                0x080006ac                TIM2_IRQHandler
                0x080006ac                OTG_FS_WKUP_IRQHandler
                0x080006ac                TIM1_TRG_COM_TIM11_IRQHandler
                0x080006ac                OTG_HS_IRQHandler
                0x080006ac                EXTI1_IRQHandler
                0x080006ac                USART2_IRQHandler
                0x080006ac                I2C2_ER_IRQHandler
                0x080006ac                DMA2_Stream1_IRQHandler
                0x080006ac                CAN1_SCE_IRQHandler
                0x080006ac                FLASH_IRQHandler
                0x080006ac                DMA2_Stream4_IRQHandler
                0x080006ac                USART1_IRQHandler
                0x080006ac                OTG_FS_IRQHandler
                0x080006ac                SPI3_IRQHandler
                0x080006ac                DMA1_Stream4_IRQHandler
                0x080006ac                I2C1_ER_IRQHandler
                0x080006ac                DMA2_Stream6_IRQHandler
                0x080006ac                DMA1_Stream3_IRQHandler
 *fill*         0x080006ae        0x2 
 .text.NVIC_Init
                0x080006b0       0xc4 ../../lib\libstm_spl.a(misc.o)
                0x080006b0                NVIC_Init
 .text.EXTI_Init
                0x08000774       0xe4 ../../lib\libstm_spl.a(stm32f4xx_exti.o)
                0x08000774                EXTI_Init
 .text.EXTI_GetITStatus
                0x08000858       0x34 ../../lib\libstm_spl.a(stm32f4xx_exti.o)
                0x08000858                EXTI_GetITStatus
 .text.EXTI_ClearITPendingBit
                0x0800088c       0x20 ../../lib\libstm_spl.a(stm32f4xx_exti.o)
                0x0800088c                EXTI_ClearITPendingBit
 .text.RCC_AHB1PeriphClockCmd
                0x080008ac       0x40 ../../lib\libstm_spl.a(stm32f4xx_rcc.o)
                0x080008ac                RCC_AHB1PeriphClockCmd
 .text.RCC_APB1PeriphClockCmd
                0x080008ec       0x40 ../../lib\libstm_spl.a(stm32f4xx_rcc.o)
                0x080008ec                RCC_APB1PeriphClockCmd
 .text.SYSCFG_EXTILineConfig
                0x0800092c       0x84 ../../lib\libstm_spl.a(stm32f4xx_syscfg.o)
                0x0800092c                SYSCFG_EXTILineConfig
 .text.TIM_TimeBaseInit
                0x080009b0       0xd8 ../../lib\libstm_spl.a(stm32f4xx_tim.o)
                0x080009b0                TIM_TimeBaseInit
 .text.TIM_TimeBaseStructInit
                0x08000a88       0x34 ../../lib\libstm_spl.a(stm32f4xx_tim.o)
                0x08000a88                TIM_TimeBaseStructInit
 .text.TIM_Cmd  0x08000abc       0x40 ../../lib\libstm_spl.a(stm32f4xx_tim.o)
                0x08000abc                TIM_Cmd
 .text.TIM_ITConfig
                0x08000afc       0x48 ../../lib\libstm_spl.a(stm32f4xx_tim.o)
                0x08000afc                TIM_ITConfig
 .text.TIM_GetITStatus
                0x08000b44       0x54 ../../lib\libstm_spl.a(stm32f4xx_tim.o)
                0x08000b44                TIM_GetITStatus
 .text.TIM_ClearITPendingBit
                0x08000b98       0x22 ../../lib\libstm_spl.a(stm32f4xx_tim.o)
                0x08000b98                TIM_ClearITPendingBit
 .text.GPIO_Init
                0x08000bba      0x11c ../../lib\libstm_spl.a(stm32f4xx_gpio.o)
                0x08000bba                GPIO_Init
 *(.rodata)
 *(.rodata*)
 *(.glue_7)
 .glue_7        0x08000cd6        0x0 linker stubs
 *(.glue_7t)
 .glue_7t       0x08000cd6        0x0 linker stubs
                0x08000cd8                . = ALIGN (0x4)
 *fill*         0x08000cd6        0x2 
                0x08000cd8                _etext = .
                0x08000cd8                _sidata = _etext

.vfp11_veneer   0x08000cd8        0x0
 .vfp11_veneer  0x08000cd8        0x0 linker stubs

.v4_bx          0x08000cd8        0x0
 .v4_bx         0x08000cd8        0x0 linker stubs

.iplt           0x08000cd8        0x0
 .iplt          0x08000cd8        0x0 ../common/stm32f4xx_it.o

.rel.dyn        0x08000cd8        0x0
 .rel.iplt      0x08000cd8        0x0 ../common/stm32f4xx_it.o

.ROarraySection
 *(.ROarraySection)

.data           0x20000000        0x4 load address 0x08000cd8
                0x20000000                . = ALIGN (0x4)
                0x20000000                _sdata = .
 *(.data)
 *(.data.*)
 .data.next_led
                0x20000000        0x4 main.o
                0x20000000                next_led
                0x20000004                . = ALIGN (0x4)
                0x20000004                _edata = .

.igot.plt       0x20000004        0x0 load address 0x08000cdc
 .igot.plt      0x20000004        0x0 ../common/stm32f4xx_it.o

.bss            0x20000004        0x0
                0x20000004                . = ALIGN (0x4)
                0x20000004                _sbss = .
 *(.bss)
 *(COMMON)
                0x20000004                . = ALIGN (0x4)
                0x20000004                _ebss = .
                [!provide]                PROVIDE (end, _ebss)
                [!provide]                PROVIDE (_end, _ebss)

.bss.g_button_state
                0x20000004        0x4 load address 0x08000cdc
 .bss.g_button_state
                0x20000004        0x4 main.o
                0x20000004                g_button_state

._usrstack      0x20000008     0x4000 load address 0x08000ce0
                0x20000008                . = ALIGN (0x4)
                0x20000008                _susrstack = .
                0x20004008                . = (. + _Minimum_Stack_Size)
 *fill*         0x20000008     0x4000 
                0x20004008                . = ALIGN (0x4)
                0x20004008                _eusrstack = .

.b1text
 *(.b1text)
 *(.b1rodata)
 *(.b1rodata*)

.eb0text
 *(.eb0text)
 *(.eb0rodata)
 *(.eb0rodata*)

.eb1text
 *(.eb1text)
 *(.eb1rodata)
 *(.eb1rodata*)

.eb2text
 *(.eb2text)
 *(.eb2rodata)
 *(.eb2rodata*)

.eb3text
 *(.eb3text)
 *(.eb3rodata)
 *(.eb3rodata*)

DISCARD
 libc.a(*)
 libm.a(*)
 libgcc.a(*)

.stab
 *(.stab)

.stabstr
 *(.stabstr)

.stab.excl
 *(.stab.excl)

.stab.exclstr
 *(.stab.exclstr)

.stab.index
 *(.stab.index)

.stab.indexstr
 *(.stab.indexstr)

.comment        0x00000000       0x8b
 *(.comment)
 .comment       0x00000000       0x1d ../common/stm32f4xx_it.o
                                 0x1e (size before relaxing)
 .comment       0x0000001d       0x1e ../common/system_stm32f4xx.o
 .comment       0x0000001d       0x6e main.o
                                 0x6f (size before relaxing)
 .comment       0x0000008b       0x1e ../../lib\libstm_spl.a(misc.o)
 .comment       0x0000008b       0x1e ../../lib\libstm_spl.a(stm32f4xx_exti.o)
 .comment       0x0000008b       0x1e ../../lib\libstm_spl.a(stm32f4xx_rcc.o)
 .comment       0x0000008b       0x1e ../../lib\libstm_spl.a(stm32f4xx_syscfg.o)
 .comment       0x0000008b       0x1e ../../lib\libstm_spl.a(stm32f4xx_tim.o)
 .comment       0x0000008b       0x1e ../../lib\libstm_spl.a(stm32f4xx_gpio.o)

.ARM.attributes
                0x00000000       0x37
 .ARM.attributes
                0x00000000       0x39 ../common/stm32f4xx_it.o
 .ARM.attributes
                0x00000039       0x39 ../common/system_stm32f4xx.o
 .ARM.attributes
                0x00000072       0x39 main.o
 .ARM.attributes
                0x000000ab       0x21 ../../stm_spl/startup_stm32f40_41xxx.o
 .ARM.attributes
                0x000000cc       0x39 ../../lib\libstm_spl.a(misc.o)
 .ARM.attributes
                0x00000105       0x39 ../../lib\libstm_spl.a(stm32f4xx_exti.o)
 .ARM.attributes
                0x0000013e       0x39 ../../lib\libstm_spl.a(stm32f4xx_rcc.o)
 .ARM.attributes
                0x00000177       0x39 ../../lib\libstm_spl.a(stm32f4xx_syscfg.o)
 .ARM.attributes
                0x000001b0       0x39 ../../lib\libstm_spl.a(stm32f4xx_tim.o)
 .ARM.attributes
                0x000001e9       0x39 ../../lib\libstm_spl.a(stm32f4xx_gpio.o)

.debug
 *(.debug)

.line
 *(.line)

.debug_srcinfo
 *(.debug_srcinfo)

.debug_sfnames
 *(.debug_sfnames)

.debug_aranges  0x00000000      0x710
 *(.debug_aranges)
 .debug_aranges
                0x00000000       0x60 ../common/stm32f4xx_it.o
 .debug_aranges
                0x00000060       0x30 ../common/system_stm32f4xx.o
 .debug_aranges
                0x00000090       0x60 main.o
 .debug_aranges
                0x000000f0       0x40 ../../lib\libstm_spl.a(misc.o)
 .debug_aranges
                0x00000130       0x58 ../../lib\libstm_spl.a(stm32f4xx_exti.o)
 .debug_aranges
                0x00000188      0x1b8 ../../lib\libstm_spl.a(stm32f4xx_rcc.o)
 .debug_aranges
                0x00000340       0x50 ../../lib\libstm_spl.a(stm32f4xx_syscfg.o)
 .debug_aranges
                0x00000390      0x2f8 ../../lib\libstm_spl.a(stm32f4xx_tim.o)
 .debug_aranges
                0x00000688       0x88 ../../lib\libstm_spl.a(stm32f4xx_gpio.o)

.debug_pubnames
 *(.debug_pubnames)

.debug_info     0x00000000     0x4e42
 *(.debug_info .gnu.linkonce.wi.*)
 .debug_info    0x00000000      0x154 ../common/stm32f4xx_it.o
 .debug_info    0x00000154      0x5fa ../common/system_stm32f4xx.o
 .debug_info    0x0000074e      0xae6 main.o
 .debug_info    0x00001234      0x54d ../../lib\libstm_spl.a(misc.o)
 .debug_info    0x00001781      0x357 ../../lib\libstm_spl.a(stm32f4xx_exti.o)
 .debug_info    0x00001ad8      0xe27 ../../lib\libstm_spl.a(stm32f4xx_rcc.o)
 .debug_info    0x000028ff      0x2a7 ../../lib\libstm_spl.a(stm32f4xx_syscfg.o)
 .debug_info    0x00002ba6     0x1c74 ../../lib\libstm_spl.a(stm32f4xx_tim.o)
 .debug_info    0x0000481a      0x628 ../../lib\libstm_spl.a(stm32f4xx_gpio.o)

.debug_abbrev   0x00000000      0xdb4
 *(.debug_abbrev)
 .debug_abbrev  0x00000000       0x78 ../common/stm32f4xx_it.o
 .debug_abbrev  0x00000078      0x158 ../common/system_stm32f4xx.o
 .debug_abbrev  0x000001d0      0x24f main.o
 .debug_abbrev  0x0000041f      0x172 ../../lib\libstm_spl.a(misc.o)
 .debug_abbrev  0x00000591      0x1bc ../../lib\libstm_spl.a(stm32f4xx_exti.o)
 .debug_abbrev  0x0000074d      0x1cf ../../lib\libstm_spl.a(stm32f4xx_rcc.o)
 .debug_abbrev  0x0000091c      0x146 ../../lib\libstm_spl.a(stm32f4xx_syscfg.o)
 .debug_abbrev  0x00000a62      0x19a ../../lib\libstm_spl.a(stm32f4xx_tim.o)
 .debug_abbrev  0x00000bfc      0x1b8 ../../lib\libstm_spl.a(stm32f4xx_gpio.o)

.debug_line     0x00000000     0x1d4f
 *(.debug_line)
 .debug_line    0x00000000      0x19a ../common/stm32f4xx_it.o
 .debug_line    0x0000019a      0x190 ../common/system_stm32f4xx.o
 .debug_line    0x0000032a      0x2ae main.o
 .debug_line    0x000005d8      0x190 ../../lib\libstm_spl.a(misc.o)
 .debug_line    0x00000768      0x1ea ../../lib\libstm_spl.a(stm32f4xx_exti.o)
 .debug_line    0x00000952      0x59e ../../lib\libstm_spl.a(stm32f4xx_rcc.o)
 .debug_line    0x00000ef0      0x18a ../../lib\libstm_spl.a(stm32f4xx_syscfg.o)
 .debug_line    0x0000107a      0xa13 ../../lib\libstm_spl.a(stm32f4xx_tim.o)
 .debug_line    0x00001a8d      0x2c2 ../../lib\libstm_spl.a(stm32f4xx_gpio.o)

.debug_frame    0x00000000     0x1ebc
 *(.debug_frame)
 .debug_frame   0x00000000      0x110 ../common/stm32f4xx_it.o
 .debug_frame   0x00000110       0x7c ../common/system_stm32f4xx.o
 .debug_frame   0x0000018c      0x150 main.o
 .debug_frame   0x000002dc       0xd8 ../../lib\libstm_spl.a(misc.o)
 .debug_frame   0x000003b4      0x148 ../../lib\libstm_spl.a(stm32f4xx_exti.o)
 .debug_frame   0x000004fc      0x814 ../../lib\libstm_spl.a(stm32f4xx_rcc.o)
 .debug_frame   0x00000d10      0x11c ../../lib\libstm_spl.a(stm32f4xx_syscfg.o)
 .debug_frame   0x00000e2c      0xe54 ../../lib\libstm_spl.a(stm32f4xx_tim.o)
 .debug_frame   0x00001c80      0x23c ../../lib\libstm_spl.a(stm32f4xx_gpio.o)

.debug_str      0x00000000     0x2400
 *(.debug_str)
 .debug_str     0x00000000      0x1d6 ../common/stm32f4xx_it.o
                                0x21b (size before relaxing)
 .debug_str     0x000001d6      0x220 ../common/system_stm32f4xx.o
                                0x3c1 (size before relaxing)
 .debug_str     0x000003f6      0xab2 main.o
                                0xbe9 (size before relaxing)
 .debug_str     0x00000ea8      0x129 ../../lib\libstm_spl.a(misc.o)
                                0x3d2 (size before relaxing)
 .debug_str     0x00000fd1       0xd1 ../../lib\libstm_spl.a(stm32f4xx_exti.o)
                                0x350 (size before relaxing)
 .debug_str     0x000010a2      0x669 ../../lib\libstm_spl.a(stm32f4xx_rcc.o)
                                0x999 (size before relaxing)
 .debug_str     0x0000170b      0x144 ../../lib\libstm_spl.a(stm32f4xx_syscfg.o)
                                0x312 (size before relaxing)
 .debug_str     0x0000184f      0xa4d ../../lib\libstm_spl.a(stm32f4xx_tim.o)
                                0xdd4 (size before relaxing)
 .debug_str     0x0000229c      0x164 ../../lib\libstm_spl.a(stm32f4xx_gpio.o)
                                0x4a4 (size before relaxing)

.debug_loc
 *(.debug_loc)

.debug_macinfo
 *(.debug_macinfo)

.debug_weaknames
 *(.debug_weaknames)

.debug_funcnames
 *(.debug_funcnames)

.debug_typenames
 *(.debug_typenames)

.debug_varnames
 *(.debug_varnames)
OUTPUT(main.elf elf32-littlearm)

.debug_ranges   0x00000000      0x680
 .debug_ranges  0x00000000       0x50 ../common/stm32f4xx_it.o
 .debug_ranges  0x00000050       0x20 ../common/system_stm32f4xx.o
 .debug_ranges  0x00000070       0x50 main.o
 .debug_ranges  0x000000c0       0x30 ../../lib\libstm_spl.a(misc.o)
 .debug_ranges  0x000000f0       0x48 ../../lib\libstm_spl.a(stm32f4xx_exti.o)
 .debug_ranges  0x00000138      0x1a8 ../../lib\libstm_spl.a(stm32f4xx_rcc.o)
 .debug_ranges  0x000002e0       0x40 ../../lib\libstm_spl.a(stm32f4xx_syscfg.o)
 .debug_ranges  0x00000320      0x2e8 ../../lib\libstm_spl.a(stm32f4xx_tim.o)
 .debug_ranges  0x00000608       0x78 ../../lib\libstm_spl.a(stm32f4xx_gpio.o)
