Archive member included to satisfy reference by file (symbol)

../../lib\libstm_spl.a(misc.o)
                              main.o (NVIC_Init)
../../lib\libstm_spl.a(stm32f4xx_exti.o)
                              main.o (EXTI_Init)
../../lib\libstm_spl.a(stm32f4xx_rcc.o)
                              main.o (RCC_AHB1PeriphClockCmd)
../../lib\libstm_spl.a(stm32f4xx_syscfg.o)
                              main.o (SYSCFG_EXTILineConfig)
../../lib\libstm_spl.a(stm32f4xx_gpio.o)
                              main.o (GPIO_Init)

Discarded input sections

 .text          0x00000000        0x0 ../common/stm32f4xx_it.o
 .data          0x00000000        0x0 ../common/stm32f4xx_it.o
 .bss           0x00000000        0x0 ../common/stm32f4xx_it.o
 .text          0x00000000        0x0 ../common/system_stm32f4xx.o
 .data          0x00000000        0x0 ../common/system_stm32f4xx.o
 .bss           0x00000000        0x0 ../common/system_stm32f4xx.o
 .data.SystemCoreClock
                0x00000000        0x4 ../common/system_stm32f4xx.o
 .data.AHBPrescTable
                0x00000000       0x10 ../common/system_stm32f4xx.o
 .text.SystemCoreClockUpdate
                0x00000000       0xf8 ../common/system_stm32f4xx.o
 .text          0x00000000        0x0 main.o
 .data          0x00000000        0x0 main.o
 .bss           0x00000000        0x0 main.o
 .text          0x00000000       0x14 ../../stm_spl/startup_stm32f40_41xxx.o
 .data          0x00000000        0x0 ../../stm_spl/startup_stm32f40_41xxx.o
 .bss           0x00000000        0x0 ../../stm_spl/startup_stm32f40_41xxx.o
 .text          0x00000000        0x0 ../../lib\libstm_spl.a(misc.o)
 .data          0x00000000        0x0 ../../lib\libstm_spl.a(misc.o)
 .bss           0x00000000        0x0 ../../lib\libstm_spl.a(misc.o)
 .text.NVIC_PriorityGroupConfig
                0x00000000       0x28 ../../lib\libstm_spl.a(misc.o)
 .text.NVIC_SetVectorTable
                0x00000000       0x2c ../../lib\libstm_spl.a(misc.o)
 .text.NVIC_SystemLPConfig
                0x00000000       0x44 ../../lib\libstm_spl.a(misc.o)
 .text.SysTick_CLKSourceConfig
                0x00000000       0x38 ../../lib\libstm_spl.a(misc.o)
 .text          0x00000000        0x0 ../../lib\libstm_spl.a(stm32f4xx_exti.o)
 .data          0x00000000        0x0 ../../lib\libstm_spl.a(stm32f4xx_exti.o)
 .bss           0x00000000        0x0 ../../lib\libstm_spl.a(stm32f4xx_exti.o)
 .text.EXTI_DeInit
                0x00000000       0x34 ../../lib\libstm_spl.a(stm32f4xx_exti.o)
 .text.EXTI_StructInit
                0x00000000       0x2c ../../lib\libstm_spl.a(stm32f4xx_exti.o)
 .text.EXTI_GenerateSWInterrupt
                0x00000000       0x24 ../../lib\libstm_spl.a(stm32f4xx_exti.o)
 .text.EXTI_GetFlagStatus
                0x00000000       0x34 ../../lib\libstm_spl.a(stm32f4xx_exti.o)
 .text.EXTI_ClearFlag
                0x00000000       0x20 ../../lib\libstm_spl.a(stm32f4xx_exti.o)
 .text          0x00000000        0x0 ../../lib\libstm_spl.a(stm32f4xx_rcc.o)
 .data          0x00000000        0x0 ../../lib\libstm_spl.a(stm32f4xx_rcc.o)
 .bss           0x00000000        0x0 ../../lib\libstm_spl.a(stm32f4xx_rcc.o)
 .data.APBAHBPrescTable
                0x00000000       0x10 ../../lib\libstm_spl.a(stm32f4xx_rcc.o)
 .text.RCC_DeInit
                0x00000000       0x70 ../../lib\libstm_spl.a(stm32f4xx_rcc.o)
 .text.RCC_HSEConfig
                0x00000000       0x28 ../../lib\libstm_spl.a(stm32f4xx_rcc.o)
 .text.RCC_WaitForHSEStartUp
                0x00000000       0x50 ../../lib\libstm_spl.a(stm32f4xx_rcc.o)
 .text.RCC_AdjustHSICalibrationValue
                0x00000000       0x3c ../../lib\libstm_spl.a(stm32f4xx_rcc.o)
 .text.RCC_HSICmd
                0x00000000       0x20 ../../lib\libstm_spl.a(stm32f4xx_rcc.o)
 .text.RCC_LSEConfig
                0x00000000       0x44 ../../lib\libstm_spl.a(stm32f4xx_rcc.o)
 .text.RCC_LSICmd
                0x00000000       0x20 ../../lib\libstm_spl.a(stm32f4xx_rcc.o)
 .text.RCC_PLLConfig
                0x00000000       0x40 ../../lib\libstm_spl.a(stm32f4xx_rcc.o)
 .text.RCC_PLLCmd
                0x00000000       0x20 ../../lib\libstm_spl.a(stm32f4xx_rcc.o)
 .text.RCC_PLLI2SConfig
                0x00000000       0x2c ../../lib\libstm_spl.a(stm32f4xx_rcc.o)
 .text.RCC_PLLI2SCmd
                0x00000000       0x20 ../../lib\libstm_spl.a(stm32f4xx_rcc.o)
 .text.RCC_PLLSAIConfig
                0x00000000       0x34 ../../lib\libstm_spl.a(stm32f4xx_rcc.o)
 .text.RCC_PLLSAICmd
                0x00000000       0x20 ../../lib\libstm_spl.a(stm32f4xx_rcc.o)
 .text.RCC_ClockSecuritySystemCmd
                0x00000000       0x20 ../../lib\libstm_spl.a(stm32f4xx_rcc.o)
 .text.RCC_MCO1Config
                0x00000000       0x40 ../../lib\libstm_spl.a(stm32f4xx_rcc.o)
 .text.RCC_MCO2Config
                0x00000000       0x40 ../../lib\libstm_spl.a(stm32f4xx_rcc.o)
 .text.RCC_SYSCLKConfig
                0x00000000       0x38 ../../lib\libstm_spl.a(stm32f4xx_rcc.o)
 .text.RCC_GetSYSCLKSource
                0x00000000       0x20 ../../lib\libstm_spl.a(stm32f4xx_rcc.o)
 .text.RCC_HCLKConfig
                0x00000000       0x38 ../../lib\libstm_spl.a(stm32f4xx_rcc.o)
 .text.RCC_PCLK1Config
                0x00000000       0x38 ../../lib\libstm_spl.a(stm32f4xx_rcc.o)
 .text.RCC_PCLK2Config
                0x00000000       0x3c ../../lib\libstm_spl.a(stm32f4xx_rcc.o)
 .text.RCC_GetClocksFreq
                0x00000000      0x150 ../../lib\libstm_spl.a(stm32f4xx_rcc.o)
 .text.RCC_RTCCLKConfig
                0x00000000       0x5c ../../lib\libstm_spl.a(stm32f4xx_rcc.o)
 .text.RCC_RTCCLKCmd
                0x00000000       0x20 ../../lib\libstm_spl.a(stm32f4xx_rcc.o)
 .text.RCC_BackupResetCmd
                0x00000000       0x20 ../../lib\libstm_spl.a(stm32f4xx_rcc.o)
 .text.RCC_I2SCLKConfig
                0x00000000       0x20 ../../lib\libstm_spl.a(stm32f4xx_rcc.o)
 .text.RCC_SAIPLLI2SClkDivConfig
                0x00000000       0x40 ../../lib\libstm_spl.a(stm32f4xx_rcc.o)
 .text.RCC_SAIPLLSAIClkDivConfig
                0x00000000       0x40 ../../lib\libstm_spl.a(stm32f4xx_rcc.o)
 .text.RCC_SAIBlockACLKConfig
                0x00000000       0x3c ../../lib\libstm_spl.a(stm32f4xx_rcc.o)
 .text.RCC_SAIBlockBCLKConfig
                0x00000000       0x3c ../../lib\libstm_spl.a(stm32f4xx_rcc.o)
 .text.RCC_LTDCCLKDivConfig
                0x00000000       0x3c ../../lib\libstm_spl.a(stm32f4xx_rcc.o)
 .text.RCC_TIMCLKPresConfig
                0x00000000       0x20 ../../lib\libstm_spl.a(stm32f4xx_rcc.o)
 .text.RCC_AHB2PeriphClockCmd
                0x00000000       0x40 ../../lib\libstm_spl.a(stm32f4xx_rcc.o)
 .text.RCC_AHB3PeriphClockCmd
                0x00000000       0x40 ../../lib\libstm_spl.a(stm32f4xx_rcc.o)
 .text.RCC_APB1PeriphClockCmd
                0x00000000       0x40 ../../lib\libstm_spl.a(stm32f4xx_rcc.o)
 .text.RCC_APB2PeriphClockCmd
                0x00000000       0x40 ../../lib\libstm_spl.a(stm32f4xx_rcc.o)
 .text.RCC_AHB1PeriphResetCmd
                0x00000000       0x40 ../../lib\libstm_spl.a(stm32f4xx_rcc.o)
 .text.RCC_AHB2PeriphResetCmd
                0x00000000       0x40 ../../lib\libstm_spl.a(stm32f4xx_rcc.o)
 .text.RCC_AHB3PeriphResetCmd
                0x00000000       0x40 ../../lib\libstm_spl.a(stm32f4xx_rcc.o)
 .text.RCC_APB1PeriphResetCmd
                0x00000000       0x40 ../../lib\libstm_spl.a(stm32f4xx_rcc.o)
 .text.RCC_APB2PeriphResetCmd
                0x00000000       0x40 ../../lib\libstm_spl.a(stm32f4xx_rcc.o)
 .text.RCC_AHB1PeriphClockLPModeCmd
                0x00000000       0x40 ../../lib\libstm_spl.a(stm32f4xx_rcc.o)
 .text.RCC_AHB2PeriphClockLPModeCmd
                0x00000000       0x40 ../../lib\libstm_spl.a(stm32f4xx_rcc.o)
 .text.RCC_AHB3PeriphClockLPModeCmd
                0x00000000       0x40 ../../lib\libstm_spl.a(stm32f4xx_rcc.o)
 .text.RCC_APB1PeriphClockLPModeCmd
                0x00000000       0x40 ../../lib\libstm_spl.a(stm32f4xx_rcc.o)
 .text.RCC_APB2PeriphClockLPModeCmd
                0x00000000       0x40 ../../lib\libstm_spl.a(stm32f4xx_rcc.o)
 .text.RCC_ITConfig
                0x00000000       0x4c ../../lib\libstm_spl.a(stm32f4xx_rcc.o)
 .text.RCC_GetFlagStatus
                0x00000000       0x74 ../../lib\libstm_spl.a(stm32f4xx_rcc.o)
 .text.RCC_ClearFlag
                0x00000000       0x20 ../../lib\libstm_spl.a(stm32f4xx_rcc.o)
 .text.RCC_GetITStatus
                0x00000000       0x38 ../../lib\libstm_spl.a(stm32f4xx_rcc.o)
 .text.RCC_ClearITPendingBit
                0x00000000       0x20 ../../lib\libstm_spl.a(stm32f4xx_rcc.o)
 .text          0x00000000        0x0 ../../lib\libstm_spl.a(stm32f4xx_syscfg.o)
 .data          0x00000000        0x0 ../../lib\libstm_spl.a(stm32f4xx_syscfg.o)
 .bss           0x00000000        0x0 ../../lib\libstm_spl.a(stm32f4xx_syscfg.o)
 .text.SYSCFG_DeInit
                0x00000000       0x1c ../../lib\libstm_spl.a(stm32f4xx_syscfg.o)
 .text.SYSCFG_MemoryRemapConfig
                0x00000000       0x20 ../../lib\libstm_spl.a(stm32f4xx_syscfg.o)
 .text.SYSCFG_MemorySwappingBank
                0x00000000       0x20 ../../lib\libstm_spl.a(stm32f4xx_syscfg.o)
 .text.SYSCFG_ETH_MediaInterfaceConfig
                0x00000000       0x20 ../../lib\libstm_spl.a(stm32f4xx_syscfg.o)
 .text.SYSCFG_CompensationCellCmd
                0x00000000       0x20 ../../lib\libstm_spl.a(stm32f4xx_syscfg.o)
 .text.SYSCFG_GetCompensationCellStatus
                0x00000000       0x34 ../../lib\libstm_spl.a(stm32f4xx_syscfg.o)
 .text          0x00000000        0x0 ../../lib\libstm_spl.a(stm32f4xx_gpio.o)
 .data          0x00000000        0x0 ../../lib\libstm_spl.a(stm32f4xx_gpio.o)
 .bss           0x00000000        0x0 ../../lib\libstm_spl.a(stm32f4xx_gpio.o)
 .text.GPIO_DeInit
                0x00000000      0x164 ../../lib\libstm_spl.a(stm32f4xx_gpio.o)
 .text.GPIO_StructInit
                0x00000000       0x34 ../../lib\libstm_spl.a(stm32f4xx_gpio.o)
 .text.GPIO_PinLockConfig
                0x00000000       0x44 ../../lib\libstm_spl.a(stm32f4xx_gpio.o)
 .text.GPIO_ReadInputDataBit
                0x00000000       0x34 ../../lib\libstm_spl.a(stm32f4xx_gpio.o)
 .text.GPIO_ReadInputData
                0x00000000       0x1a ../../lib\libstm_spl.a(stm32f4xx_gpio.o)
 .text.GPIO_ReadOutputDataBit
                0x00000000       0x34 ../../lib\libstm_spl.a(stm32f4xx_gpio.o)
 .text.GPIO_ReadOutputData
                0x00000000       0x1a ../../lib\libstm_spl.a(stm32f4xx_gpio.o)
 .text.GPIO_SetBits
                0x00000000       0x1e ../../lib\libstm_spl.a(stm32f4xx_gpio.o)
 .text.GPIO_ResetBits
                0x00000000       0x1e ../../lib\libstm_spl.a(stm32f4xx_gpio.o)
 .text.GPIO_WriteBit
                0x00000000       0x30 ../../lib\libstm_spl.a(stm32f4xx_gpio.o)
 .text.GPIO_Write
                0x00000000       0x1e ../../lib\libstm_spl.a(stm32f4xx_gpio.o)
 .text.GPIO_ToggleBits
                0x00000000       0x24 ../../lib\libstm_spl.a(stm32f4xx_gpio.o)
 .text.GPIO_PinAFConfig
                0x00000000       0x92 ../../lib\libstm_spl.a(stm32f4xx_gpio.o)

Memory Configuration

Name             Origin             Length             Attributes
RAM              0x20000000         0x00020000         xrw
CCMRAM           0x10000000         0x00010000         xrw
FLASH            0x08000000         0x00100000         xr
FLASHB1          0x00000000         0x00000000         xr
EXTMEMB0         0x00000000         0x00000000         xr
EXTMEMB1         0x00000000         0x00000000         xr
EXTMEMB2         0x00000000         0x00000000         xr
EXTMEMB3         0x00000000         0x00000000         xr
MEMORY_ARRAY     0x20002000         0x00000020         xrw
*default*        0x00000000         0xffffffff

Linker script and memory map

LOAD ../common/stm32f4xx_it.o
LOAD ../common/system_stm32f4xx.o
LOAD main.o
LOAD ../../stm_spl/startup_stm32f40_41xxx.o
LOAD ../../lib\libstm_spl.a
START GROUP
LOAD c:/program files (x86)/gnu tools arm embedded/5.4 2016q3/bin/../lib/gcc/arm-none-eabi/5.4.1/../../../../arm-none-eabi/lib/armv7e-m/fpu\libc.a
LOAD c:/program files (x86)/gnu tools arm embedded/5.4 2016q3/bin/../lib/gcc/arm-none-eabi/5.4.1/armv7e-m/fpu\libgcc.a
LOAD c:/program files (x86)/gnu tools arm embedded/5.4 2016q3/bin/../lib/gcc/arm-none-eabi/5.4.1/../../../../arm-none-eabi/lib/armv7e-m/fpu\libnosys.a
END GROUP
START GROUP
LOAD c:/program files (x86)/gnu tools arm embedded/5.4 2016q3/bin/../lib/gcc/arm-none-eabi/5.4.1/armv7e-m/fpu\libgcc.a
LOAD c:/program files (x86)/gnu tools arm embedded/5.4 2016q3/bin/../lib/gcc/arm-none-eabi/5.4.1/../../../../arm-none-eabi/lib/armv7e-m/fpu\libc.a
END GROUP
                0x00004000                __Stack_Size = 0x4000
                [!provide]                PROVIDE (_Stack_Size, __Stack_Size)
                0x2001c000                __Stack_Init = (_estack - __Stack_Size)
                [!provide]                PROVIDE (_Stack_Init, __Stack_Init)
                0x00004000                _Minimum_Stack_Size = 0x4000
                0x20020000                _estack = 0x20020000

.isr_vector     0x08000000      0x188
                0x08000000                . = ALIGN (0x4)
 *(.isr_vector)
 .isr_vector    0x08000000      0x188 ../../stm_spl/startup_stm32f40_41xxx.o
                0x08000000                g_pfnVectors
                0x08000188                . = ALIGN (0x4)

.flashtext      0x08000188        0x0
                0x08000188                . = ALIGN (0x4)
 *(.flashtext)
                0x08000188                . = ALIGN (0x4)

.text           0x08000188      0x864
                0x08000188                . = ALIGN (0x4)
 *(.text)
 *(.text.*)
 .text.NMI_Handler
                0x08000188        0xe ../common/stm32f4xx_it.o
                0x08000188                NMI_Handler
 .text.HardFault_Handler
                0x08000196        0x6 ../common/stm32f4xx_it.o
                0x08000196                HardFault_Handler
 .text.MemManage_Handler
                0x0800019c        0x6 ../common/stm32f4xx_it.o
                0x0800019c                MemManage_Handler
 .text.BusFault_Handler
                0x080001a2        0x6 ../common/stm32f4xx_it.o
                0x080001a2                BusFault_Handler
 .text.UsageFault_Handler
                0x080001a8        0x6 ../common/stm32f4xx_it.o
                0x080001a8                UsageFault_Handler
 .text.SVC_Handler
                0x080001ae        0xe ../common/stm32f4xx_it.o
                0x080001ae                SVC_Handler
 .text.DebugMon_Handler
                0x080001bc        0xe ../common/stm32f4xx_it.o
                0x080001bc                DebugMon_Handler
 .text.PendSV_Handler
                0x080001ca        0xe ../common/stm32f4xx_it.o
                0x080001ca                PendSV_Handler
 .text.SysTick_Handler
                0x080001d8        0xe ../common/stm32f4xx_it.o
                0x080001d8                SysTick_Handler
 *fill*         0x080001e6        0x2 
 .text.SystemInit
                0x080001e8       0x6c ../common/system_stm32f4xx.o
                0x080001e8                SystemInit
 .text.SetSysClock
                0x08000254       0xf8 ../common/system_stm32f4xx.o
 .text.it_init  0x0800034c       0x48 main.o
                0x0800034c                it_init
 .text.EXTI0_IRQHandler
                0x08000394       0x20 main.o
                0x08000394                EXTI0_IRQHandler
 .text.blink_next
                0x080003b4       0x98 main.o
                0x080003b4                blink_next
 .text.blink_prev
                0x0800044c       0x98 main.o
                0x0800044c                blink_prev
 .text.button_handler
                0x080004e4       0x44 main.o
                0x080004e4                button_handler
 .text.main     0x08000528       0xa0 main.o
                0x08000528                main
 .text.Reset_Handler
                0x080005c8       0x44 ../../stm_spl/startup_stm32f40_41xxx.o
                0x080005c8                Reset_Handler
 .text.Default_Handler
                0x0800060c        0x2 ../../stm_spl/startup_stm32f40_41xxx.o
                0x0800060c                RTC_Alarm_IRQHandler
                0x0800060c                HASH_RNG_IRQHandler
                0x0800060c                EXTI2_IRQHandler
                0x0800060c                TIM8_CC_IRQHandler
                0x0800060c                TIM1_CC_IRQHandler
                0x0800060c                DMA2_Stream5_IRQHandler
                0x0800060c                DMA1_Stream5_IRQHandler
                0x0800060c                PVD_IRQHandler
                0x0800060c                SDIO_IRQHandler
                0x0800060c                TAMP_STAMP_IRQHandler
                0x0800060c                CAN2_RX1_IRQHandler
                0x0800060c                EXTI3_IRQHandler
                0x0800060c                TIM8_TRG_COM_TIM14_IRQHandler
                0x0800060c                TIM1_UP_TIM10_IRQHandler
                0x0800060c                TIM8_UP_TIM13_IRQHandler
                0x0800060c                I2C3_ER_IRQHandler
                0x0800060c                I2C2_EV_IRQHandler
                0x0800060c                DMA1_Stream2_IRQHandler
                0x0800060c                CAN1_RX0_IRQHandler
                0x0800060c                FPU_IRQHandler
                0x0800060c                OTG_HS_WKUP_IRQHandler
                0x0800060c                CAN2_SCE_IRQHandler
                0x0800060c                DMA2_Stream2_IRQHandler
                0x0800060c                SPI1_IRQHandler
                0x0800060c                TIM6_DAC_IRQHandler
                0x0800060c                TIM1_BRK_TIM9_IRQHandler
                0x0800060c                DCMI_IRQHandler
                0x0800060c                CAN2_RX0_IRQHandler
                0x0800060c                DMA2_Stream3_IRQHandler
                0x0800060c                USART6_IRQHandler
                0x0800060c                USART3_IRQHandler
                0x0800060c                CRYP_IRQHandler
                0x0800060c                CAN1_RX1_IRQHandler
                0x0800060c                UART5_IRQHandler
                0x0800060c                DMA2_Stream0_IRQHandler
                0x0800060c                TIM4_IRQHandler
                0x0800060c                I2C1_EV_IRQHandler
                0x0800060c                DMA1_Stream6_IRQHandler
                0x0800060c                DMA1_Stream1_IRQHandler
                0x0800060c                UART4_IRQHandler
                0x0800060c                TIM3_IRQHandler
                0x0800060c                RCC_IRQHandler
                0x0800060c                TIM8_BRK_TIM12_IRQHandler
                0x0800060c                Default_Handler
                0x0800060c                EXTI15_10_IRQHandler
                0x0800060c                ADC_IRQHandler
                0x0800060c                DMA1_Stream7_IRQHandler
                0x0800060c                TIM7_IRQHandler
                0x0800060c                CAN2_TX_IRQHandler
                0x0800060c                TIM5_IRQHandler
                0x0800060c                DMA2_Stream7_IRQHandler
                0x0800060c                I2C3_EV_IRQHandler
                0x0800060c                EXTI9_5_IRQHandler
                0x0800060c                RTC_WKUP_IRQHandler
                0x0800060c                ETH_WKUP_IRQHandler
                0x0800060c                SPI2_IRQHandler
                0x0800060c                OTG_HS_EP1_IN_IRQHandler
                0x0800060c                DMA1_Stream0_IRQHandler
                0x0800060c                CAN1_TX_IRQHandler
                0x0800060c                EXTI4_IRQHandler
                0x0800060c                FSMC_IRQHandler
                0x0800060c                ETH_IRQHandler
                0x0800060c                OTG_HS_EP1_OUT_IRQHandler
                0x0800060c                WWDG_IRQHandler
                0x0800060c                TIM2_IRQHandler
                0x0800060c                OTG_FS_WKUP_IRQHandler
                0x0800060c                TIM1_TRG_COM_TIM11_IRQHandler
                0x0800060c                OTG_HS_IRQHandler
                0x0800060c                EXTI1_IRQHandler
                0x0800060c                USART2_IRQHandler
                0x0800060c                I2C2_ER_IRQHandler
                0x0800060c                DMA2_Stream1_IRQHandler
                0x0800060c                CAN1_SCE_IRQHandler
                0x0800060c                FLASH_IRQHandler
                0x0800060c                DMA2_Stream4_IRQHandler
                0x0800060c                USART1_IRQHandler
                0x0800060c                OTG_FS_IRQHandler
                0x0800060c                SPI3_IRQHandler
                0x0800060c                DMA1_Stream4_IRQHandler
                0x0800060c                I2C1_ER_IRQHandler
                0x0800060c                DMA2_Stream6_IRQHandler
                0x0800060c                DMA1_Stream3_IRQHandler
 *fill*         0x0800060e        0x2 
 .text.NVIC_Init
                0x08000610       0xc4 ../../lib\libstm_spl.a(misc.o)
                0x08000610                NVIC_Init
 .text.EXTI_Init
                0x080006d4       0xe4 ../../lib\libstm_spl.a(stm32f4xx_exti.o)
                0x080006d4                EXTI_Init
 .text.EXTI_GetITStatus
                0x080007b8       0x34 ../../lib\libstm_spl.a(stm32f4xx_exti.o)
                0x080007b8                EXTI_GetITStatus
 .text.EXTI_ClearITPendingBit
                0x080007ec       0x20 ../../lib\libstm_spl.a(stm32f4xx_exti.o)
                0x080007ec                EXTI_ClearITPendingBit
 .text.RCC_AHB1PeriphClockCmd
                0x0800080c       0x40 ../../lib\libstm_spl.a(stm32f4xx_rcc.o)
                0x0800080c                RCC_AHB1PeriphClockCmd
 .text.SYSCFG_EXTILineConfig
                0x0800084c       0x84 ../../lib\libstm_spl.a(stm32f4xx_syscfg.o)
                0x0800084c                SYSCFG_EXTILineConfig
 .text.GPIO_Init
                0x080008d0      0x11c ../../lib\libstm_spl.a(stm32f4xx_gpio.o)
                0x080008d0                GPIO_Init
 *(.rodata)
 *(.rodata*)
 *(.glue_7)
 .glue_7        0x080009ec        0x0 linker stubs
 *(.glue_7t)
 .glue_7t       0x080009ec        0x0 linker stubs
                0x080009ec                . = ALIGN (0x4)
                0x080009ec                _etext = .
                0x080009ec                _sidata = _etext

.vfp11_veneer   0x080009ec        0x0
 .vfp11_veneer  0x080009ec        0x0 linker stubs

.v4_bx          0x080009ec        0x0
 .v4_bx         0x080009ec        0x0 linker stubs

.iplt           0x080009ec        0x0
 .iplt          0x080009ec        0x0 ../common/stm32f4xx_it.o

.rel.dyn        0x080009ec        0x0
 .rel.iplt      0x080009ec        0x0 ../common/stm32f4xx_it.o

.ROarraySection
 *(.ROarraySection)

.data           0x20000000        0x0 load address 0x080009ec
                0x20000000                . = ALIGN (0x4)
                0x20000000                _sdata = .
 *(.data)
 *(.data.*)
                0x20000000                . = ALIGN (0x4)
                0x20000000                _edata = .

.igot.plt       0x20000000        0x0
 .igot.plt      0x20000000        0x0 ../common/stm32f4xx_it.o

.bss            0x20000000        0x0
                0x20000000                . = ALIGN (0x4)
                0x20000000                _sbss = .
 *(.bss)
 *(COMMON)
                0x20000000                . = ALIGN (0x4)
                0x20000000                _ebss = .
                [!provide]                PROVIDE (end, _ebss)
                [!provide]                PROVIDE (_end, _ebss)

.bss.g_button_state
                0x20000000        0x4
 .bss.g_button_state
                0x20000000        0x4 main.o
                0x20000000                g_button_state

._usrstack      0x20000004     0x4000
                0x20000004                . = ALIGN (0x4)
                0x20000004                _susrstack = .
                0x20004004                . = (. + _Minimum_Stack_Size)
 *fill*         0x20000004     0x4000 
                0x20004004                . = ALIGN (0x4)
                0x20004004                _eusrstack = .

.b1text
 *(.b1text)
 *(.b1rodata)
 *(.b1rodata*)

.eb0text
 *(.eb0text)
 *(.eb0rodata)
 *(.eb0rodata*)

.eb1text
 *(.eb1text)
 *(.eb1rodata)
 *(.eb1rodata*)

.eb2text
 *(.eb2text)
 *(.eb2rodata)
 *(.eb2rodata*)

.eb3text
 *(.eb3text)
 *(.eb3rodata)
 *(.eb3rodata*)

DISCARD
 libc.a(*)
 libm.a(*)
 libgcc.a(*)

.stab
 *(.stab)

.stabstr
 *(.stabstr)

.stab.excl
 *(.stab.excl)

.stab.exclstr
 *(.stab.exclstr)

.stab.index
 *(.stab.index)

.stab.indexstr
 *(.stab.indexstr)

.comment        0x00000000       0x8b
 *(.comment)
 .comment       0x00000000       0x1d ../common/stm32f4xx_it.o
                                 0x1e (size before relaxing)
 .comment       0x0000001d       0x1e ../common/system_stm32f4xx.o
 .comment       0x0000001d       0x6e main.o
                                 0x6f (size before relaxing)
 .comment       0x0000008b       0x1e ../../lib\libstm_spl.a(misc.o)
 .comment       0x0000008b       0x1e ../../lib\libstm_spl.a(stm32f4xx_exti.o)
 .comment       0x0000008b       0x1e ../../lib\libstm_spl.a(stm32f4xx_rcc.o)
 .comment       0x0000008b       0x1e ../../lib\libstm_spl.a(stm32f4xx_syscfg.o)
 .comment       0x0000008b       0x1e ../../lib\libstm_spl.a(stm32f4xx_gpio.o)

.ARM.attributes
                0x00000000       0x37
 .ARM.attributes
                0x00000000       0x39 ../common/stm32f4xx_it.o
 .ARM.attributes
                0x00000039       0x39 ../common/system_stm32f4xx.o
 .ARM.attributes
                0x00000072       0x39 main.o
 .ARM.attributes
                0x000000ab       0x21 ../../stm_spl/startup_stm32f40_41xxx.o
 .ARM.attributes
                0x000000cc       0x39 ../../lib\libstm_spl.a(misc.o)
 .ARM.attributes
                0x00000105       0x39 ../../lib\libstm_spl.a(stm32f4xx_exti.o)
 .ARM.attributes
                0x0000013e       0x39 ../../lib\libstm_spl.a(stm32f4xx_rcc.o)
 .ARM.attributes
                0x00000177       0x39 ../../lib\libstm_spl.a(stm32f4xx_syscfg.o)
 .ARM.attributes
                0x000001b0       0x39 ../../lib\libstm_spl.a(stm32f4xx_gpio.o)

.debug
 *(.debug)

.line
 *(.line)

.debug_srcinfo
 *(.debug_srcinfo)

.debug_sfnames
 *(.debug_sfnames)

.debug_aranges  0x00000000      0x400
 *(.debug_aranges)
 .debug_aranges
                0x00000000       0x60 ../common/stm32f4xx_it.o
 .debug_aranges
                0x00000060       0x30 ../common/system_stm32f4xx.o
 .debug_aranges
                0x00000090       0x48 main.o
 .debug_aranges
                0x000000d8       0x40 ../../lib\libstm_spl.a(misc.o)
 .debug_aranges
                0x00000118       0x58 ../../lib\libstm_spl.a(stm32f4xx_exti.o)
 .debug_aranges
                0x00000170      0x1b8 ../../lib\libstm_spl.a(stm32f4xx_rcc.o)
 .debug_aranges
                0x00000328       0x50 ../../lib\libstm_spl.a(stm32f4xx_syscfg.o)
 .debug_aranges
                0x00000378       0x88 ../../lib\libstm_spl.a(stm32f4xx_gpio.o)

.debug_pubnames
 *(.debug_pubnames)

.debug_info     0x00000000     0x2e3c
 *(.debug_info .gnu.linkonce.wi.*)
 .debug_info    0x00000000      0x154 ../common/stm32f4xx_it.o
 .debug_info    0x00000154      0x5fa ../common/system_stm32f4xx.o
 .debug_info    0x0000074e      0x754 main.o
 .debug_info    0x00000ea2      0x54d ../../lib\libstm_spl.a(misc.o)
 .debug_info    0x000013ef      0x357 ../../lib\libstm_spl.a(stm32f4xx_exti.o)
 .debug_info    0x00001746      0xe27 ../../lib\libstm_spl.a(stm32f4xx_rcc.o)
 .debug_info    0x0000256d      0x2a7 ../../lib\libstm_spl.a(stm32f4xx_syscfg.o)
 .debug_info    0x00002814      0x628 ../../lib\libstm_spl.a(stm32f4xx_gpio.o)

.debug_abbrev   0x00000000      0xba9
 *(.debug_abbrev)
 .debug_abbrev  0x00000000       0x78 ../common/stm32f4xx_it.o
 .debug_abbrev  0x00000078      0x158 ../common/system_stm32f4xx.o
 .debug_abbrev  0x000001d0      0x1de main.o
 .debug_abbrev  0x000003ae      0x172 ../../lib\libstm_spl.a(misc.o)
 .debug_abbrev  0x00000520      0x1bc ../../lib\libstm_spl.a(stm32f4xx_exti.o)
 .debug_abbrev  0x000006dc      0x1cf ../../lib\libstm_spl.a(stm32f4xx_rcc.o)
 .debug_abbrev  0x000008ab      0x146 ../../lib\libstm_spl.a(stm32f4xx_syscfg.o)
 .debug_abbrev  0x000009f1      0x1b8 ../../lib\libstm_spl.a(stm32f4xx_gpio.o)

.debug_line     0x00000000     0x12e3
 *(.debug_line)
 .debug_line    0x00000000      0x19a ../common/stm32f4xx_it.o
 .debug_line    0x0000019a      0x190 ../common/system_stm32f4xx.o
 .debug_line    0x0000032a      0x255 main.o
 .debug_line    0x0000057f      0x190 ../../lib\libstm_spl.a(misc.o)
 .debug_line    0x0000070f      0x1ea ../../lib\libstm_spl.a(stm32f4xx_exti.o)
 .debug_line    0x000008f9      0x59e ../../lib\libstm_spl.a(stm32f4xx_rcc.o)
 .debug_line    0x00000e97      0x18a ../../lib\libstm_spl.a(stm32f4xx_syscfg.o)
 .debug_line    0x00001021      0x2c2 ../../lib\libstm_spl.a(stm32f4xx_gpio.o)

.debug_frame    0x00000000     0x1000
 *(.debug_frame)
 .debug_frame   0x00000000      0x110 ../common/stm32f4xx_it.o
 .debug_frame   0x00000110       0x7c ../common/system_stm32f4xx.o
 .debug_frame   0x0000018c       0xe8 main.o
 .debug_frame   0x00000274       0xd8 ../../lib\libstm_spl.a(misc.o)
 .debug_frame   0x0000034c      0x148 ../../lib\libstm_spl.a(stm32f4xx_exti.o)
 .debug_frame   0x00000494      0x814 ../../lib\libstm_spl.a(stm32f4xx_rcc.o)
 .debug_frame   0x00000ca8      0x11c ../../lib\libstm_spl.a(stm32f4xx_syscfg.o)
 .debug_frame   0x00000dc4      0x23c ../../lib\libstm_spl.a(stm32f4xx_gpio.o)

.debug_str      0x00000000     0x18a7
 *(.debug_str)
 .debug_str     0x00000000      0x1d6 ../common/stm32f4xx_it.o
                                0x21b (size before relaxing)
 .debug_str     0x000001d6      0x220 ../common/system_stm32f4xx.o
                                0x3c1 (size before relaxing)
 .debug_str     0x000003f6      0x975 main.o
                                0xa66 (size before relaxing)
 .debug_str     0x00000d6b      0x15a ../../lib\libstm_spl.a(misc.o)
                                0x3d2 (size before relaxing)
 .debug_str     0x00000ec5       0xd1 ../../lib\libstm_spl.a(stm32f4xx_exti.o)
                                0x350 (size before relaxing)
 .debug_str     0x00000f96      0x669 ../../lib\libstm_spl.a(stm32f4xx_rcc.o)
                                0x999 (size before relaxing)
 .debug_str     0x000015ff      0x144 ../../lib\libstm_spl.a(stm32f4xx_syscfg.o)
                                0x312 (size before relaxing)
 .debug_str     0x00001743      0x164 ../../lib\libstm_spl.a(stm32f4xx_gpio.o)
                                0x4a4 (size before relaxing)

.debug_loc
 *(.debug_loc)

.debug_macinfo
 *(.debug_macinfo)

.debug_weaknames
 *(.debug_weaknames)

.debug_funcnames
 *(.debug_funcnames)

.debug_typenames
 *(.debug_typenames)

.debug_varnames
 *(.debug_varnames)
OUTPUT(main.elf elf32-littlearm)

.debug_ranges   0x00000000      0x380
 .debug_ranges  0x00000000       0x50 ../common/stm32f4xx_it.o
 .debug_ranges  0x00000050       0x20 ../common/system_stm32f4xx.o
 .debug_ranges  0x00000070       0x38 main.o
 .debug_ranges  0x000000a8       0x30 ../../lib\libstm_spl.a(misc.o)
 .debug_ranges  0x000000d8       0x48 ../../lib\libstm_spl.a(stm32f4xx_exti.o)
 .debug_ranges  0x00000120      0x1a8 ../../lib\libstm_spl.a(stm32f4xx_rcc.o)
 .debug_ranges  0x000002c8       0x40 ../../lib\libstm_spl.a(stm32f4xx_syscfg.o)
 .debug_ranges  0x00000308       0x78 ../../lib\libstm_spl.a(stm32f4xx_gpio.o)
