Archive member included to satisfy reference by file (symbol)

../../lib\libstm_spl.a(stm32f4xx_adc.o)
                              main.o (ADC_Init)
../../lib\libstm_spl.a(stm32f4xx_rcc.o)
                              main.o (RCC_AHB1PeriphClockCmd)
../../lib\libstm_spl.a(stm32f4xx_gpio.o)
                              main.o (GPIO_Init)

Discarded input sections

 .text          0x00000000        0x0 ../common/stm32f4xx_it.o
 .data          0x00000000        0x0 ../common/stm32f4xx_it.o
 .bss           0x00000000        0x0 ../common/stm32f4xx_it.o
 .text          0x00000000        0x0 ../common/system_stm32f4xx.o
 .data          0x00000000        0x0 ../common/system_stm32f4xx.o
 .bss           0x00000000        0x0 ../common/system_stm32f4xx.o
 .data.SystemCoreClock
                0x00000000        0x4 ../common/system_stm32f4xx.o
 .data.AHBPrescTable
                0x00000000       0x10 ../common/system_stm32f4xx.o
 .text.SystemCoreClockUpdate
                0x00000000       0xf8 ../common/system_stm32f4xx.o
 .text          0x00000000        0x0 main.o
 .data          0x00000000        0x0 main.o
 .bss           0x00000000        0x0 main.o
 .text          0x00000000       0x14 ../../stm_spl/startup_stm32f40_41xxx.o
 .data          0x00000000        0x0 ../../stm_spl/startup_stm32f40_41xxx.o
 .bss           0x00000000        0x0 ../../stm_spl/startup_stm32f40_41xxx.o
 .text          0x00000000        0x0 ../../lib\libstm_spl.a(stm32f4xx_adc.o)
 .data          0x00000000        0x0 ../../lib\libstm_spl.a(stm32f4xx_adc.o)
 .bss           0x00000000        0x0 ../../lib\libstm_spl.a(stm32f4xx_adc.o)
 .text.ADC_DeInit
                0x00000000       0x1c ../../lib\libstm_spl.a(stm32f4xx_adc.o)
 .text.ADC_CommonStructInit
                0x00000000       0x2c ../../lib\libstm_spl.a(stm32f4xx_adc.o)
 .text.ADC_AnalogWatchdogCmd
                0x00000000       0x3a ../../lib\libstm_spl.a(stm32f4xx_adc.o)
 .text.ADC_AnalogWatchdogThresholdsConfig
                0x00000000       0x28 ../../lib\libstm_spl.a(stm32f4xx_adc.o)
 .text.ADC_AnalogWatchdogSingleChannelConfig
                0x00000000       0x38 ../../lib\libstm_spl.a(stm32f4xx_adc.o)
 .text.ADC_VBATCmd
                0x00000000       0x3c ../../lib\libstm_spl.a(stm32f4xx_adc.o)
 .text.ADC_GetSoftwareStartConvStatus
                0x00000000       0x30 ../../lib\libstm_spl.a(stm32f4xx_adc.o)
 .text.ADC_EOCOnEachRegularChannelCmd
                0x00000000       0x38 ../../lib\libstm_spl.a(stm32f4xx_adc.o)
 .text.ADC_ContinuousModeCmd
                0x00000000       0x38 ../../lib\libstm_spl.a(stm32f4xx_adc.o)
 .text.ADC_DiscModeChannelCountConfig
                0x00000000       0x44 ../../lib\libstm_spl.a(stm32f4xx_adc.o)
 .text.ADC_DiscModeCmd
                0x00000000       0x38 ../../lib\libstm_spl.a(stm32f4xx_adc.o)
 .text.ADC_GetMultiModeConversionValue
                0x00000000       0x18 ../../lib\libstm_spl.a(stm32f4xx_adc.o)
 .text.ADC_DMACmd
                0x00000000       0x38 ../../lib\libstm_spl.a(stm32f4xx_adc.o)
 .text.ADC_DMARequestAfterLastTransferCmd
                0x00000000       0x38 ../../lib\libstm_spl.a(stm32f4xx_adc.o)
 .text.ADC_MultiModeDMARequestAfterLastTransferCmd
                0x00000000       0x3c ../../lib\libstm_spl.a(stm32f4xx_adc.o)
 .text.ADC_InjectedChannelConfig
                0x00000000      0x122 ../../lib\libstm_spl.a(stm32f4xx_adc.o)
 .text.ADC_InjectedSequencerLengthConfig
                0x00000000       0x44 ../../lib\libstm_spl.a(stm32f4xx_adc.o)
 .text.ADC_SetInjectedOffset
                0x00000000       0x34 ../../lib\libstm_spl.a(stm32f4xx_adc.o)
 .text.ADC_ExternalTrigInjectedConvConfig
                0x00000000       0x36 ../../lib\libstm_spl.a(stm32f4xx_adc.o)
 .text.ADC_ExternalTrigInjectedConvEdgeConfig
                0x00000000       0x36 ../../lib\libstm_spl.a(stm32f4xx_adc.o)
 .text.ADC_SoftwareStartInjectedConv
                0x00000000       0x20 ../../lib\libstm_spl.a(stm32f4xx_adc.o)
 .text.ADC_GetSoftwareStartInjectedConvCmdStatus
                0x00000000       0x30 ../../lib\libstm_spl.a(stm32f4xx_adc.o)
 .text.ADC_AutoInjectedConvCmd
                0x00000000       0x38 ../../lib\libstm_spl.a(stm32f4xx_adc.o)
 .text.ADC_InjectedDiscModeCmd
                0x00000000       0x38 ../../lib\libstm_spl.a(stm32f4xx_adc.o)
 .text.ADC_GetInjectedConversionValue
                0x00000000       0x30 ../../lib\libstm_spl.a(stm32f4xx_adc.o)
 .text.ADC_ITConfig
                0x00000000       0x52 ../../lib\libstm_spl.a(stm32f4xx_adc.o)
 .text.ADC_ClearFlag
                0x00000000       0x20 ../../lib\libstm_spl.a(stm32f4xx_adc.o)
 .text.ADC_GetITStatus
                0x00000000       0x5c ../../lib\libstm_spl.a(stm32f4xx_adc.o)
 .text.ADC_ClearITPendingBit
                0x00000000       0x2c ../../lib\libstm_spl.a(stm32f4xx_adc.o)
 .text          0x00000000        0x0 ../../lib\libstm_spl.a(stm32f4xx_rcc.o)
 .data          0x00000000        0x0 ../../lib\libstm_spl.a(stm32f4xx_rcc.o)
 .bss           0x00000000        0x0 ../../lib\libstm_spl.a(stm32f4xx_rcc.o)
 .data.APBAHBPrescTable
                0x00000000       0x10 ../../lib\libstm_spl.a(stm32f4xx_rcc.o)
 .text.RCC_DeInit
                0x00000000       0x70 ../../lib\libstm_spl.a(stm32f4xx_rcc.o)
 .text.RCC_HSEConfig
                0x00000000       0x28 ../../lib\libstm_spl.a(stm32f4xx_rcc.o)
 .text.RCC_WaitForHSEStartUp
                0x00000000       0x50 ../../lib\libstm_spl.a(stm32f4xx_rcc.o)
 .text.RCC_AdjustHSICalibrationValue
                0x00000000       0x3c ../../lib\libstm_spl.a(stm32f4xx_rcc.o)
 .text.RCC_HSICmd
                0x00000000       0x20 ../../lib\libstm_spl.a(stm32f4xx_rcc.o)
 .text.RCC_LSEConfig
                0x00000000       0x44 ../../lib\libstm_spl.a(stm32f4xx_rcc.o)
 .text.RCC_LSICmd
                0x00000000       0x20 ../../lib\libstm_spl.a(stm32f4xx_rcc.o)
 .text.RCC_PLLConfig
                0x00000000       0x40 ../../lib\libstm_spl.a(stm32f4xx_rcc.o)
 .text.RCC_PLLCmd
                0x00000000       0x20 ../../lib\libstm_spl.a(stm32f4xx_rcc.o)
 .text.RCC_PLLI2SConfig
                0x00000000       0x2c ../../lib\libstm_spl.a(stm32f4xx_rcc.o)
 .text.RCC_PLLI2SCmd
                0x00000000       0x20 ../../lib\libstm_spl.a(stm32f4xx_rcc.o)
 .text.RCC_PLLSAIConfig
                0x00000000       0x34 ../../lib\libstm_spl.a(stm32f4xx_rcc.o)
 .text.RCC_PLLSAICmd
                0x00000000       0x20 ../../lib\libstm_spl.a(stm32f4xx_rcc.o)
 .text.RCC_ClockSecuritySystemCmd
                0x00000000       0x20 ../../lib\libstm_spl.a(stm32f4xx_rcc.o)
 .text.RCC_MCO1Config
                0x00000000       0x40 ../../lib\libstm_spl.a(stm32f4xx_rcc.o)
 .text.RCC_MCO2Config
                0x00000000       0x40 ../../lib\libstm_spl.a(stm32f4xx_rcc.o)
 .text.RCC_SYSCLKConfig
                0x00000000       0x38 ../../lib\libstm_spl.a(stm32f4xx_rcc.o)
 .text.RCC_GetSYSCLKSource
                0x00000000       0x20 ../../lib\libstm_spl.a(stm32f4xx_rcc.o)
 .text.RCC_HCLKConfig
                0x00000000       0x38 ../../lib\libstm_spl.a(stm32f4xx_rcc.o)
 .text.RCC_PCLK1Config
                0x00000000       0x38 ../../lib\libstm_spl.a(stm32f4xx_rcc.o)
 .text.RCC_PCLK2Config
                0x00000000       0x3c ../../lib\libstm_spl.a(stm32f4xx_rcc.o)
 .text.RCC_GetClocksFreq
                0x00000000      0x150 ../../lib\libstm_spl.a(stm32f4xx_rcc.o)
 .text.RCC_RTCCLKConfig
                0x00000000       0x5c ../../lib\libstm_spl.a(stm32f4xx_rcc.o)
 .text.RCC_RTCCLKCmd
                0x00000000       0x20 ../../lib\libstm_spl.a(stm32f4xx_rcc.o)
 .text.RCC_BackupResetCmd
                0x00000000       0x20 ../../lib\libstm_spl.a(stm32f4xx_rcc.o)
 .text.RCC_I2SCLKConfig
                0x00000000       0x20 ../../lib\libstm_spl.a(stm32f4xx_rcc.o)
 .text.RCC_SAIPLLI2SClkDivConfig
                0x00000000       0x40 ../../lib\libstm_spl.a(stm32f4xx_rcc.o)
 .text.RCC_SAIPLLSAIClkDivConfig
                0x00000000       0x40 ../../lib\libstm_spl.a(stm32f4xx_rcc.o)
 .text.RCC_SAIBlockACLKConfig
                0x00000000       0x3c ../../lib\libstm_spl.a(stm32f4xx_rcc.o)
 .text.RCC_SAIBlockBCLKConfig
                0x00000000       0x3c ../../lib\libstm_spl.a(stm32f4xx_rcc.o)
 .text.RCC_LTDCCLKDivConfig
                0x00000000       0x3c ../../lib\libstm_spl.a(stm32f4xx_rcc.o)
 .text.RCC_TIMCLKPresConfig
                0x00000000       0x20 ../../lib\libstm_spl.a(stm32f4xx_rcc.o)
 .text.RCC_AHB2PeriphClockCmd
                0x00000000       0x40 ../../lib\libstm_spl.a(stm32f4xx_rcc.o)
 .text.RCC_AHB3PeriphClockCmd
                0x00000000       0x40 ../../lib\libstm_spl.a(stm32f4xx_rcc.o)
 .text.RCC_APB1PeriphClockCmd
                0x00000000       0x40 ../../lib\libstm_spl.a(stm32f4xx_rcc.o)
 .text.RCC_AHB1PeriphResetCmd
                0x00000000       0x40 ../../lib\libstm_spl.a(stm32f4xx_rcc.o)
 .text.RCC_AHB2PeriphResetCmd
                0x00000000       0x40 ../../lib\libstm_spl.a(stm32f4xx_rcc.o)
 .text.RCC_AHB3PeriphResetCmd
                0x00000000       0x40 ../../lib\libstm_spl.a(stm32f4xx_rcc.o)
 .text.RCC_APB1PeriphResetCmd
                0x00000000       0x40 ../../lib\libstm_spl.a(stm32f4xx_rcc.o)
 .text.RCC_APB2PeriphResetCmd
                0x00000000       0x40 ../../lib\libstm_spl.a(stm32f4xx_rcc.o)
 .text.RCC_AHB1PeriphClockLPModeCmd
                0x00000000       0x40 ../../lib\libstm_spl.a(stm32f4xx_rcc.o)
 .text.RCC_AHB2PeriphClockLPModeCmd
                0x00000000       0x40 ../../lib\libstm_spl.a(stm32f4xx_rcc.o)
 .text.RCC_AHB3PeriphClockLPModeCmd
                0x00000000       0x40 ../../lib\libstm_spl.a(stm32f4xx_rcc.o)
 .text.RCC_APB1PeriphClockLPModeCmd
                0x00000000       0x40 ../../lib\libstm_spl.a(stm32f4xx_rcc.o)
 .text.RCC_APB2PeriphClockLPModeCmd
                0x00000000       0x40 ../../lib\libstm_spl.a(stm32f4xx_rcc.o)
 .text.RCC_ITConfig
                0x00000000       0x4c ../../lib\libstm_spl.a(stm32f4xx_rcc.o)
 .text.RCC_GetFlagStatus
                0x00000000       0x74 ../../lib\libstm_spl.a(stm32f4xx_rcc.o)
 .text.RCC_ClearFlag
                0x00000000       0x20 ../../lib\libstm_spl.a(stm32f4xx_rcc.o)
 .text.RCC_GetITStatus
                0x00000000       0x38 ../../lib\libstm_spl.a(stm32f4xx_rcc.o)
 .text.RCC_ClearITPendingBit
                0x00000000       0x20 ../../lib\libstm_spl.a(stm32f4xx_rcc.o)
 .text          0x00000000        0x0 ../../lib\libstm_spl.a(stm32f4xx_gpio.o)
 .data          0x00000000        0x0 ../../lib\libstm_spl.a(stm32f4xx_gpio.o)
 .bss           0x00000000        0x0 ../../lib\libstm_spl.a(stm32f4xx_gpio.o)
 .text.GPIO_DeInit
                0x00000000      0x164 ../../lib\libstm_spl.a(stm32f4xx_gpio.o)
 .text.GPIO_StructInit
                0x00000000       0x34 ../../lib\libstm_spl.a(stm32f4xx_gpio.o)
 .text.GPIO_PinLockConfig
                0x00000000       0x44 ../../lib\libstm_spl.a(stm32f4xx_gpio.o)
 .text.GPIO_ReadInputDataBit
                0x00000000       0x34 ../../lib\libstm_spl.a(stm32f4xx_gpio.o)
 .text.GPIO_ReadInputData
                0x00000000       0x1a ../../lib\libstm_spl.a(stm32f4xx_gpio.o)
 .text.GPIO_ReadOutputDataBit
                0x00000000       0x34 ../../lib\libstm_spl.a(stm32f4xx_gpio.o)
 .text.GPIO_ReadOutputData
                0x00000000       0x1a ../../lib\libstm_spl.a(stm32f4xx_gpio.o)
 .text.GPIO_WriteBit
                0x00000000       0x30 ../../lib\libstm_spl.a(stm32f4xx_gpio.o)
 .text.GPIO_Write
                0x00000000       0x1e ../../lib\libstm_spl.a(stm32f4xx_gpio.o)
 .text.GPIO_ToggleBits
                0x00000000       0x24 ../../lib\libstm_spl.a(stm32f4xx_gpio.o)
 .text.GPIO_PinAFConfig
                0x00000000       0x92 ../../lib\libstm_spl.a(stm32f4xx_gpio.o)

Memory Configuration

Name             Origin             Length             Attributes
RAM              0x20000000         0x00020000         xrw
CCMRAM           0x10000000         0x00010000         xrw
FLASH            0x08000000         0x00100000         xr
FLASHB1          0x00000000         0x00000000         xr
EXTMEMB0         0x00000000         0x00000000         xr
EXTMEMB1         0x00000000         0x00000000         xr
EXTMEMB2         0x00000000         0x00000000         xr
EXTMEMB3         0x00000000         0x00000000         xr
MEMORY_ARRAY     0x20002000         0x00000020         xrw
*default*        0x00000000         0xffffffff

Linker script and memory map

LOAD ../common/stm32f4xx_it.o
LOAD ../common/system_stm32f4xx.o
LOAD main.o
LOAD ../../stm_spl/startup_stm32f40_41xxx.o
LOAD ../../lib\libstm_spl.a
START GROUP
LOAD c:/program files (x86)/gnu tools arm embedded/5.4 2016q3/bin/../lib/gcc/arm-none-eabi/5.4.1/../../../../arm-none-eabi/lib/armv7e-m/fpu\libc.a
LOAD c:/program files (x86)/gnu tools arm embedded/5.4 2016q3/bin/../lib/gcc/arm-none-eabi/5.4.1/armv7e-m/fpu\libgcc.a
LOAD c:/program files (x86)/gnu tools arm embedded/5.4 2016q3/bin/../lib/gcc/arm-none-eabi/5.4.1/../../../../arm-none-eabi/lib/armv7e-m/fpu\libnosys.a
END GROUP
START GROUP
LOAD c:/program files (x86)/gnu tools arm embedded/5.4 2016q3/bin/../lib/gcc/arm-none-eabi/5.4.1/armv7e-m/fpu\libgcc.a
LOAD c:/program files (x86)/gnu tools arm embedded/5.4 2016q3/bin/../lib/gcc/arm-none-eabi/5.4.1/../../../../arm-none-eabi/lib/armv7e-m/fpu\libc.a
END GROUP
                0x00004000                __Stack_Size = 0x4000
                [!provide]                PROVIDE (_Stack_Size, __Stack_Size)
                0x2001c000                __Stack_Init = (_estack - __Stack_Size)
                [!provide]                PROVIDE (_Stack_Init, __Stack_Init)
                0x00004000                _Minimum_Stack_Size = 0x4000
                0x20020000                _estack = 0x20020000

.isr_vector     0x08000000      0x188
                0x08000000                . = ALIGN (0x4)
 *(.isr_vector)
 .isr_vector    0x08000000      0x188 ../../stm_spl/startup_stm32f40_41xxx.o
                0x08000000                g_pfnVectors
                0x08000188                . = ALIGN (0x4)

.flashtext      0x08000188        0x0
                0x08000188                . = ALIGN (0x4)
 *(.flashtext)
                0x08000188                . = ALIGN (0x4)

.text           0x08000188      0xa6c
                0x08000188                . = ALIGN (0x4)
 *(.text)
 *(.text.*)
 .text.NMI_Handler
                0x08000188        0xe ../common/stm32f4xx_it.o
                0x08000188                NMI_Handler
 .text.HardFault_Handler
                0x08000196        0x6 ../common/stm32f4xx_it.o
                0x08000196                HardFault_Handler
 .text.MemManage_Handler
                0x0800019c        0x6 ../common/stm32f4xx_it.o
                0x0800019c                MemManage_Handler
 .text.BusFault_Handler
                0x080001a2        0x6 ../common/stm32f4xx_it.o
                0x080001a2                BusFault_Handler
 .text.UsageFault_Handler
                0x080001a8        0x6 ../common/stm32f4xx_it.o
                0x080001a8                UsageFault_Handler
 .text.SVC_Handler
                0x080001ae        0xe ../common/stm32f4xx_it.o
                0x080001ae                SVC_Handler
 .text.DebugMon_Handler
                0x080001bc        0xe ../common/stm32f4xx_it.o
                0x080001bc                DebugMon_Handler
 .text.PendSV_Handler
                0x080001ca        0xe ../common/stm32f4xx_it.o
                0x080001ca                PendSV_Handler
 .text.SysTick_Handler
                0x080001d8        0xe ../common/stm32f4xx_it.o
                0x080001d8                SysTick_Handler
 *fill*         0x080001e6        0x2 
 .text.SystemInit
                0x080001e8       0x6c ../common/system_stm32f4xx.o
                0x080001e8                SystemInit
 .text.SetSysClock
                0x08000254       0xf8 ../common/system_stm32f4xx.o
 .text.leds_init
                0x0800034c       0x74 main.o
                0x0800034c                leds_init
 .text.adc_init
                0x080003c0       0x80 main.o
                0x080003c0                adc_init
 .text.button_init
                0x08000440       0x78 main.o
                0x08000440                button_init
 .text.main     0x080004b8      0x168 main.o
                0x080004b8                main
 .text.Reset_Handler
                0x08000620       0x44 ../../stm_spl/startup_stm32f40_41xxx.o
                0x08000620                Reset_Handler
 .text.Default_Handler
                0x08000664        0x2 ../../stm_spl/startup_stm32f40_41xxx.o
                0x08000664                RTC_Alarm_IRQHandler
                0x08000664                HASH_RNG_IRQHandler
                0x08000664                EXTI2_IRQHandler
                0x08000664                TIM8_CC_IRQHandler
                0x08000664                TIM1_CC_IRQHandler
                0x08000664                DMA2_Stream5_IRQHandler
                0x08000664                DMA1_Stream5_IRQHandler
                0x08000664                PVD_IRQHandler
                0x08000664                SDIO_IRQHandler
                0x08000664                TAMP_STAMP_IRQHandler
                0x08000664                CAN2_RX1_IRQHandler
                0x08000664                EXTI3_IRQHandler
                0x08000664                TIM8_TRG_COM_TIM14_IRQHandler
                0x08000664                TIM1_UP_TIM10_IRQHandler
                0x08000664                TIM8_UP_TIM13_IRQHandler
                0x08000664                I2C3_ER_IRQHandler
                0x08000664                EXTI0_IRQHandler
                0x08000664                I2C2_EV_IRQHandler
                0x08000664                DMA1_Stream2_IRQHandler
                0x08000664                CAN1_RX0_IRQHandler
                0x08000664                FPU_IRQHandler
                0x08000664                OTG_HS_WKUP_IRQHandler
                0x08000664                CAN2_SCE_IRQHandler
                0x08000664                DMA2_Stream2_IRQHandler
                0x08000664                SPI1_IRQHandler
                0x08000664                TIM6_DAC_IRQHandler
                0x08000664                TIM1_BRK_TIM9_IRQHandler
                0x08000664                DCMI_IRQHandler
                0x08000664                CAN2_RX0_IRQHandler
                0x08000664                DMA2_Stream3_IRQHandler
                0x08000664                USART6_IRQHandler
                0x08000664                USART3_IRQHandler
                0x08000664                CRYP_IRQHandler
                0x08000664                CAN1_RX1_IRQHandler
                0x08000664                UART5_IRQHandler
                0x08000664                DMA2_Stream0_IRQHandler
                0x08000664                TIM4_IRQHandler
                0x08000664                I2C1_EV_IRQHandler
                0x08000664                DMA1_Stream6_IRQHandler
                0x08000664                DMA1_Stream1_IRQHandler
                0x08000664                UART4_IRQHandler
                0x08000664                TIM3_IRQHandler
                0x08000664                RCC_IRQHandler
                0x08000664                TIM8_BRK_TIM12_IRQHandler
                0x08000664                Default_Handler
                0x08000664                EXTI15_10_IRQHandler
                0x08000664                ADC_IRQHandler
                0x08000664                DMA1_Stream7_IRQHandler
                0x08000664                TIM7_IRQHandler
                0x08000664                CAN2_TX_IRQHandler
                0x08000664                TIM5_IRQHandler
                0x08000664                DMA2_Stream7_IRQHandler
                0x08000664                I2C3_EV_IRQHandler
                0x08000664                EXTI9_5_IRQHandler
                0x08000664                RTC_WKUP_IRQHandler
                0x08000664                ETH_WKUP_IRQHandler
                0x08000664                SPI2_IRQHandler
                0x08000664                OTG_HS_EP1_IN_IRQHandler
                0x08000664                DMA1_Stream0_IRQHandler
                0x08000664                CAN1_TX_IRQHandler
                0x08000664                EXTI4_IRQHandler
                0x08000664                FSMC_IRQHandler
                0x08000664                ETH_IRQHandler
                0x08000664                OTG_HS_EP1_OUT_IRQHandler
                0x08000664                WWDG_IRQHandler
                0x08000664                TIM2_IRQHandler
                0x08000664                OTG_FS_WKUP_IRQHandler
                0x08000664                TIM1_TRG_COM_TIM11_IRQHandler
                0x08000664                OTG_HS_IRQHandler
                0x08000664                EXTI1_IRQHandler
                0x08000664                USART2_IRQHandler
                0x08000664                I2C2_ER_IRQHandler
                0x08000664                DMA2_Stream1_IRQHandler
                0x08000664                CAN1_SCE_IRQHandler
                0x08000664                FLASH_IRQHandler
                0x08000664                DMA2_Stream4_IRQHandler
                0x08000664                USART1_IRQHandler
                0x08000664                OTG_FS_IRQHandler
                0x08000664                SPI3_IRQHandler
                0x08000664                DMA1_Stream4_IRQHandler
                0x08000664                I2C1_ER_IRQHandler
                0x08000664                DMA2_Stream6_IRQHandler
                0x08000664                DMA1_Stream3_IRQHandler
 *fill*         0x08000666        0x2 
 .text.ADC_Init
                0x08000668       0xac ../../lib\libstm_spl.a(stm32f4xx_adc.o)
                0x08000668                ADC_Init
 .text.ADC_StructInit
                0x08000714       0x3e ../../lib\libstm_spl.a(stm32f4xx_adc.o)
                0x08000714                ADC_StructInit
 *fill*         0x08000752        0x2 
 .text.ADC_CommonInit
                0x08000754       0x50 ../../lib\libstm_spl.a(stm32f4xx_adc.o)
                0x08000754                ADC_CommonInit
 .text.ADC_Cmd  0x080007a4       0x38 ../../lib\libstm_spl.a(stm32f4xx_adc.o)
                0x080007a4                ADC_Cmd
 .text.ADC_TempSensorVrefintCmd
                0x080007dc       0x3c ../../lib\libstm_spl.a(stm32f4xx_adc.o)
                0x080007dc                ADC_TempSensorVrefintCmd
 .text.ADC_RegularChannelConfig
                0x08000818      0x194 ../../lib\libstm_spl.a(stm32f4xx_adc.o)
                0x08000818                ADC_RegularChannelConfig
 .text.ADC_SoftwareStartConv
                0x080009ac       0x20 ../../lib\libstm_spl.a(stm32f4xx_adc.o)
                0x080009ac                ADC_SoftwareStartConv
 .text.ADC_GetConversionValue
                0x080009cc       0x1a ../../lib\libstm_spl.a(stm32f4xx_adc.o)
                0x080009cc                ADC_GetConversionValue
 .text.ADC_GetFlagStatus
                0x080009e6       0x34 ../../lib\libstm_spl.a(stm32f4xx_adc.o)
                0x080009e6                ADC_GetFlagStatus
 *fill*         0x08000a1a        0x2 
 .text.RCC_AHB1PeriphClockCmd
                0x08000a1c       0x40 ../../lib\libstm_spl.a(stm32f4xx_rcc.o)
                0x08000a1c                RCC_AHB1PeriphClockCmd
 .text.RCC_APB2PeriphClockCmd
                0x08000a5c       0x40 ../../lib\libstm_spl.a(stm32f4xx_rcc.o)
                0x08000a5c                RCC_APB2PeriphClockCmd
 .text.GPIO_Init
                0x08000a9c      0x11c ../../lib\libstm_spl.a(stm32f4xx_gpio.o)
                0x08000a9c                GPIO_Init
 .text.GPIO_SetBits
                0x08000bb8       0x1e ../../lib\libstm_spl.a(stm32f4xx_gpio.o)
                0x08000bb8                GPIO_SetBits
 .text.GPIO_ResetBits
                0x08000bd6       0x1e ../../lib\libstm_spl.a(stm32f4xx_gpio.o)
                0x08000bd6                GPIO_ResetBits
 *(.rodata)
 *(.rodata*)
 *(.glue_7)
 .glue_7        0x08000bf4        0x0 linker stubs
 *(.glue_7t)
 .glue_7t       0x08000bf4        0x0 linker stubs
                0x08000bf4                . = ALIGN (0x4)
                0x08000bf4                _etext = .
                0x08000bf4                _sidata = _etext

.vfp11_veneer   0x08000bf4        0x0
 .vfp11_veneer  0x08000bf4        0x0 linker stubs

.v4_bx          0x08000bf4        0x0
 .v4_bx         0x08000bf4        0x0 linker stubs

.iplt           0x08000bf4        0x0
 .iplt          0x08000bf4        0x0 ../common/stm32f4xx_it.o

.rel.dyn        0x08000bf4        0x0
 .rel.iplt      0x08000bf4        0x0 ../common/stm32f4xx_it.o

.ROarraySection
 *(.ROarraySection)

.data           0x20000000        0x0 load address 0x08000bf4
                0x20000000                . = ALIGN (0x4)
                0x20000000                _sdata = .
 *(.data)
 *(.data.*)
                0x20000000                . = ALIGN (0x4)
                0x20000000                _edata = .

.igot.plt       0x20000000        0x0
 .igot.plt      0x20000000        0x0 ../common/stm32f4xx_it.o

.bss            0x20000000        0x0
                0x20000000                . = ALIGN (0x4)
                0x20000000                _sbss = .
 *(.bss)
 *(COMMON)
                0x20000000                . = ALIGN (0x4)
                0x20000000                _ebss = .
                [!provide]                PROVIDE (end, _ebss)
                [!provide]                PROVIDE (_end, _ebss)

._usrstack      0x20000000     0x4000
                0x20000000                . = ALIGN (0x4)
                0x20000000                _susrstack = .
                0x20004000                . = (. + _Minimum_Stack_Size)
 *fill*         0x20000000     0x4000 
                0x20004000                . = ALIGN (0x4)
                0x20004000                _eusrstack = .

.b1text
 *(.b1text)
 *(.b1rodata)
 *(.b1rodata*)

.eb0text
 *(.eb0text)
 *(.eb0rodata)
 *(.eb0rodata*)

.eb1text
 *(.eb1text)
 *(.eb1rodata)
 *(.eb1rodata*)

.eb2text
 *(.eb2text)
 *(.eb2rodata)
 *(.eb2rodata*)

.eb3text
 *(.eb3text)
 *(.eb3rodata)
 *(.eb3rodata*)

DISCARD
 libc.a(*)
 libm.a(*)
 libgcc.a(*)

.stab
 *(.stab)

.stabstr
 *(.stabstr)

.stab.excl
 *(.stab.excl)

.stab.exclstr
 *(.stab.exclstr)

.stab.index
 *(.stab.index)

.stab.indexstr
 *(.stab.indexstr)

.comment        0x00000000       0x8b
 *(.comment)
 .comment       0x00000000       0x1d ../common/stm32f4xx_it.o
                                 0x1e (size before relaxing)
 .comment       0x0000001d       0x1e ../common/system_stm32f4xx.o
 .comment       0x0000001d       0x6e main.o
                                 0x6f (size before relaxing)
 .comment       0x0000008b       0x1e ../../lib\libstm_spl.a(stm32f4xx_adc.o)
 .comment       0x0000008b       0x1e ../../lib\libstm_spl.a(stm32f4xx_rcc.o)
 .comment       0x0000008b       0x1e ../../lib\libstm_spl.a(stm32f4xx_gpio.o)

.ARM.attributes
                0x00000000       0x37
 .ARM.attributes
                0x00000000       0x39 ../common/stm32f4xx_it.o
 .ARM.attributes
                0x00000039       0x39 ../common/system_stm32f4xx.o
 .ARM.attributes
                0x00000072       0x39 main.o
 .ARM.attributes
                0x000000ab       0x21 ../../stm_spl/startup_stm32f40_41xxx.o
 .ARM.attributes
                0x000000cc       0x39 ../../lib\libstm_spl.a(stm32f4xx_adc.o)
 .ARM.attributes
                0x00000105       0x39 ../../lib\libstm_spl.a(stm32f4xx_rcc.o)
 .ARM.attributes
                0x0000013e       0x39 ../../lib\libstm_spl.a(stm32f4xx_gpio.o)

.debug
 *(.debug)

.line
 *(.line)

.debug_srcinfo
 *(.debug_srcinfo)

.debug_sfnames
 *(.debug_sfnames)

.debug_aranges  0x00000000      0x450
 *(.debug_aranges)
 .debug_aranges
                0x00000000       0x60 ../common/stm32f4xx_it.o
 .debug_aranges
                0x00000060       0x30 ../common/system_stm32f4xx.o
 .debug_aranges
                0x00000090       0x38 main.o
 .debug_aranges
                0x000000c8      0x148 ../../lib\libstm_spl.a(stm32f4xx_adc.o)
 .debug_aranges
                0x00000210      0x1b8 ../../lib\libstm_spl.a(stm32f4xx_rcc.o)
 .debug_aranges
                0x000003c8       0x88 ../../lib\libstm_spl.a(stm32f4xx_gpio.o)

.debug_pubnames
 *(.debug_pubnames)

.debug_info     0x00000000     0x2d2d
 *(.debug_info .gnu.linkonce.wi.*)
 .debug_info    0x00000000      0x154 ../common/stm32f4xx_it.o
 .debug_info    0x00000154      0x5fa ../common/system_stm32f4xx.o
 .debug_info    0x0000074e      0x541 main.o
 .debug_info    0x00000c8f      0xc4f ../../lib\libstm_spl.a(stm32f4xx_adc.o)
 .debug_info    0x000018de      0xe27 ../../lib\libstm_spl.a(stm32f4xx_rcc.o)
 .debug_info    0x00002705      0x628 ../../lib\libstm_spl.a(stm32f4xx_gpio.o)

.debug_abbrev   0x00000000      0x831
 *(.debug_abbrev)
 .debug_abbrev  0x00000000       0x78 ../common/stm32f4xx_it.o
 .debug_abbrev  0x00000078      0x158 ../common/system_stm32f4xx.o
 .debug_abbrev  0x000001d0      0x12f main.o
 .debug_abbrev  0x000002ff      0x1ab ../../lib\libstm_spl.a(stm32f4xx_adc.o)
 .debug_abbrev  0x000004aa      0x1cf ../../lib\libstm_spl.a(stm32f4xx_rcc.o)
 .debug_abbrev  0x00000679      0x1b8 ../../lib\libstm_spl.a(stm32f4xx_gpio.o)

.debug_line     0x00000000     0x128a
 *(.debug_line)
 .debug_line    0x00000000      0x19a ../common/stm32f4xx_it.o
 .debug_line    0x0000019a      0x190 ../common/system_stm32f4xx.o
 .debug_line    0x0000032a      0x251 main.o
 .debug_line    0x0000057b      0x4af ../../lib\libstm_spl.a(stm32f4xx_adc.o)
 .debug_line    0x00000a2a      0x59e ../../lib\libstm_spl.a(stm32f4xx_rcc.o)
 .debug_line    0x00000fc8      0x2c2 ../../lib\libstm_spl.a(stm32f4xx_gpio.o)

.debug_frame    0x00000000     0x1264
 *(.debug_frame)
 .debug_frame   0x00000000      0x110 ../common/stm32f4xx_it.o
 .debug_frame   0x00000110       0x7c ../common/system_stm32f4xx.o
 .debug_frame   0x0000018c       0x9c main.o
 .debug_frame   0x00000228      0x5ec ../../lib\libstm_spl.a(stm32f4xx_adc.o)
 .debug_frame   0x00000814      0x814 ../../lib\libstm_spl.a(stm32f4xx_rcc.o)
 .debug_frame   0x00001028      0x23c ../../lib\libstm_spl.a(stm32f4xx_gpio.o)

.debug_str      0x00000000     0x1508
 *(.debug_str)
 .debug_str     0x00000000      0x1d6 ../common/stm32f4xx_it.o
                                0x21b (size before relaxing)
 .debug_str     0x000001d6      0x220 ../common/system_stm32f4xx.o
                                0x3c1 (size before relaxing)
 .debug_str     0x000003f6      0x437 main.o
                                0x523 (size before relaxing)
 .debug_str     0x0000082d      0x50f ../../lib\libstm_spl.a(stm32f4xx_adc.o)
                                0x808 (size before relaxing)
 .debug_str     0x00000d3c      0x662 ../../lib\libstm_spl.a(stm32f4xx_rcc.o)
                                0x999 (size before relaxing)
 .debug_str     0x0000139e      0x16a ../../lib\libstm_spl.a(stm32f4xx_gpio.o)
                                0x4a4 (size before relaxing)

.debug_loc
 *(.debug_loc)

.debug_macinfo
 *(.debug_macinfo)

.debug_weaknames
 *(.debug_weaknames)

.debug_funcnames
 *(.debug_funcnames)

.debug_typenames
 *(.debug_typenames)

.debug_varnames
 *(.debug_varnames)
OUTPUT(main.elf elf32-littlearm)

.debug_ranges   0x00000000      0x3f0
 .debug_ranges  0x00000000       0x50 ../common/stm32f4xx_it.o
 .debug_ranges  0x00000050       0x20 ../common/system_stm32f4xx.o
 .debug_ranges  0x00000070       0x28 main.o
 .debug_ranges  0x00000098      0x138 ../../lib\libstm_spl.a(stm32f4xx_adc.o)
 .debug_ranges  0x000001d0      0x1a8 ../../lib\libstm_spl.a(stm32f4xx_rcc.o)
 .debug_ranges  0x00000378       0x78 ../../lib\libstm_spl.a(stm32f4xx_gpio.o)
